Archive member included to satisfy reference by file (symbol)

c:/program files (x86)/atmel/studio/7.0/toolchain/avr8/avr8-gnu-toolchain/bin/../lib/gcc/avr/5.4.0/avr5\libgcc.a(_exit.o)
                              C:/Program Files (x86)/Atmel/Studio/7.0/Packs/atmel/ATmega_DFP/1.2.209/gcc/dev/atmega32/avr5/crtatmega32.o (exit)
c:/program files (x86)/atmel/studio/7.0/toolchain/avr8/avr8-gnu-toolchain/bin/../lib/gcc/avr/5.4.0/avr5\libgcc.a(_copy_data.o)
                              APP/KEYPAD/KEYPAD_LCD.o (__do_copy_data)
c:/program files (x86)/atmel/studio/7.0/toolchain/avr8/avr8-gnu-toolchain/bin/../lib/gcc/avr/5.4.0/avr5\libgcc.a(_clear_bss.o)
                              APP/BUZZER_ONE_BUTTON/BUZZER_ON_OFF.o (__do_clear_bss)

Discarded input sections

 .data          0x00000000        0x0 C:/Program Files (x86)/Atmel/Studio/7.0/Packs/atmel/ATmega_DFP/1.2.209/gcc/dev/atmega32/avr5/crtatmega32.o
 .bss           0x00000000        0x0 C:/Program Files (x86)/Atmel/Studio/7.0/Packs/atmel/ATmega_DFP/1.2.209/gcc/dev/atmega32/avr5/crtatmega32.o
 .text          0x00000000        0x0 APP/BUZZER_ONE_BUTTON/BUZZER_ON_OFF.o
 .data          0x00000000        0x0 APP/BUZZER_ONE_BUTTON/BUZZER_ON_OFF.o
 .bss           0x00000000        0x0 APP/BUZZER_ONE_BUTTON/BUZZER_ON_OFF.o
 .text.BUZZER_ON_OFF
                0x00000000       0xba APP/BUZZER_ONE_BUTTON/BUZZER_ON_OFF.o
 .bss.u8Falling_edge_wait
                0x00000000        0x1 APP/BUZZER_ONE_BUTTON/BUZZER_ON_OFF.o
 .bss.u8Button_hold
                0x00000000        0x1 APP/BUZZER_ONE_BUTTON/BUZZER_ON_OFF.o
 .bss.u8Buzzer_state
                0x00000000        0x1 APP/BUZZER_ONE_BUTTON/BUZZER_ON_OFF.o
 .debug_info    0x00000000      0x206 APP/BUZZER_ONE_BUTTON/BUZZER_ON_OFF.o
 .debug_abbrev  0x00000000       0xa1 APP/BUZZER_ONE_BUTTON/BUZZER_ON_OFF.o
 .debug_loc     0x00000000       0x48 APP/BUZZER_ONE_BUTTON/BUZZER_ON_OFF.o
 .debug_aranges
                0x00000000       0x20 APP/BUZZER_ONE_BUTTON/BUZZER_ON_OFF.o
 .debug_ranges  0x00000000       0x10 APP/BUZZER_ONE_BUTTON/BUZZER_ON_OFF.o
 .debug_line    0x00000000      0x1a0 APP/BUZZER_ONE_BUTTON/BUZZER_ON_OFF.o
 .debug_str     0x00000000      0x20f APP/BUZZER_ONE_BUTTON/BUZZER_ON_OFF.o
 .comment       0x00000000       0x31 APP/BUZZER_ONE_BUTTON/BUZZER_ON_OFF.o
 .debug_frame   0x00000000       0x34 APP/BUZZER_ONE_BUTTON/BUZZER_ON_OFF.o
 .text          0x00000000        0x0 APP/KEYPAD/KEYPAD_LCD.o
 .data          0x00000000        0x0 APP/KEYPAD/KEYPAD_LCD.o
 .bss           0x00000000        0x0 APP/KEYPAD/KEYPAD_LCD.o
 .text          0x00000000        0x0 APP/LCD_HELLO/LCD_HELLO.o
 .data          0x00000000        0x0 APP/LCD_HELLO/LCD_HELLO.o
 .bss           0x00000000        0x0 APP/LCD_HELLO/LCD_HELLO.o
 .text.LCD_HELLO
                0x00000000       0x94 APP/LCD_HELLO/LCD_HELLO.o
 .bss.u8Button2_reading
                0x00000000        0x1 APP/LCD_HELLO/LCD_HELLO.o
 .bss.u8Button1_reading
                0x00000000        0x1 APP/LCD_HELLO/LCD_HELLO.o
 .bss.u8Button0_reading
                0x00000000        0x1 APP/LCD_HELLO/LCD_HELLO.o
 .data.u8Statement2_size
                0x00000000        0x1 APP/LCD_HELLO/LCD_HELLO.o
 .data.u8Statement1_size
                0x00000000        0x1 APP/LCD_HELLO/LCD_HELLO.o
 .data.u8Statement2
                0x00000000       0x10 APP/LCD_HELLO/LCD_HELLO.o
 .data.u8Statement1
                0x00000000       0x10 APP/LCD_HELLO/LCD_HELLO.o
 .debug_info    0x00000000      0x2ee APP/LCD_HELLO/LCD_HELLO.o
 .debug_abbrev  0x00000000      0x121 APP/LCD_HELLO/LCD_HELLO.o
 .debug_loc     0x00000000       0xbb APP/LCD_HELLO/LCD_HELLO.o
 .debug_aranges
                0x00000000       0x20 APP/LCD_HELLO/LCD_HELLO.o
 .debug_ranges  0x00000000       0x10 APP/LCD_HELLO/LCD_HELLO.o
 .debug_line    0x00000000      0x1b2 APP/LCD_HELLO/LCD_HELLO.o
 .debug_str     0x00000000      0x295 APP/LCD_HELLO/LCD_HELLO.o
 .comment       0x00000000       0x31 APP/LCD_HELLO/LCD_HELLO.o
 .debug_frame   0x00000000       0x30 APP/LCD_HELLO/LCD_HELLO.o
 .text          0x00000000        0x0 APP/LCD_TEST/LCD_TEST.o
 .data          0x00000000        0x0 APP/LCD_TEST/LCD_TEST.o
 .bss           0x00000000        0x0 APP/LCD_TEST/LCD_TEST.o
 .text.PAGE4    0x00000000      0x106 APP/LCD_TEST/LCD_TEST.o
 .data.u8Statement_p4_1_2
                0x00000000       0x11 APP/LCD_TEST/LCD_TEST.o
 .data.u8Statement_p4_1_1
                0x00000000       0x11 APP/LCD_TEST/LCD_TEST.o
 .data.u8Statement_p4_2
                0x00000000       0x11 APP/LCD_TEST/LCD_TEST.o
 .data.u8Statement_p4_1
                0x00000000       0x11 APP/LCD_TEST/LCD_TEST.o
 .text          0x00000000        0x0 APP/SEGMENT7/SEGMENT_INC_DEC.o
 .data          0x00000000        0x0 APP/SEGMENT7/SEGMENT_INC_DEC.o
 .bss           0x00000000        0x0 APP/SEGMENT7/SEGMENT_INC_DEC.o
 .text.SEGMENT_INC_DEC
                0x00000000      0x21a APP/SEGMENT7/SEGMENT_INC_DEC.o
 .bss.u8Button2_hold
                0x00000000        0x1 APP/SEGMENT7/SEGMENT_INC_DEC.o
 .bss.u8Button1_hold
                0x00000000        0x1 APP/SEGMENT7/SEGMENT_INC_DEC.o
 .bss.u8Button0_hold
                0x00000000        0x1 APP/SEGMENT7/SEGMENT_INC_DEC.o
 .bss.u8Reading
                0x00000000        0x1 APP/SEGMENT7/SEGMENT_INC_DEC.o
 .debug_info    0x00000000      0x54d APP/SEGMENT7/SEGMENT_INC_DEC.o
 .debug_abbrev  0x00000000      0x11a APP/SEGMENT7/SEGMENT_INC_DEC.o
 .debug_loc     0x00000000       0xd8 APP/SEGMENT7/SEGMENT_INC_DEC.o
 .debug_aranges
                0x00000000       0x20 APP/SEGMENT7/SEGMENT_INC_DEC.o
 .debug_ranges  0x00000000       0x10 APP/SEGMENT7/SEGMENT_INC_DEC.o
 .debug_line    0x00000000      0x37b APP/SEGMENT7/SEGMENT_INC_DEC.o
 .debug_str     0x00000000      0x2c1 APP/SEGMENT7/SEGMENT_INC_DEC.o
 .comment       0x00000000       0x31 APP/SEGMENT7/SEGMENT_INC_DEC.o
 .debug_frame   0x00000000       0x24 APP/SEGMENT7/SEGMENT_INC_DEC.o
 .text          0x00000000        0x0 APP/TEST/TEST.o
 .data          0x00000000        0x0 APP/TEST/TEST.o
 .bss           0x00000000        0x0 APP/TEST/TEST.o
 .text.TEST     0x00000000        0x2 APP/TEST/TEST.o
 .debug_info    0x00000000       0x77 APP/TEST/TEST.o
 .debug_abbrev  0x00000000       0x42 APP/TEST/TEST.o
 .debug_aranges
                0x00000000       0x20 APP/TEST/TEST.o
 .debug_ranges  0x00000000       0x10 APP/TEST/TEST.o
 .debug_line    0x00000000       0x40 APP/TEST/TEST.o
 .debug_str     0x00000000      0x173 APP/TEST/TEST.o
 .comment       0x00000000       0x31 APP/TEST/TEST.o
 .debug_frame   0x00000000       0x24 APP/TEST/TEST.o
 .text          0x00000000        0x0 HAL/BUTTON_INTERFACE.o
 .data          0x00000000        0x0 HAL/BUTTON_INTERFACE.o
 .bss           0x00000000        0x0 HAL/BUTTON_INTERFACE.o
 .text          0x00000000        0x0 HAL/BUZZER_INTERFACE.o
 .data          0x00000000        0x0 HAL/BUZZER_INTERFACE.o
 .bss           0x00000000        0x0 HAL/BUZZER_INTERFACE.o
 .text          0x00000000        0x0 HAL/KEYPAD_INTERFACE.o
 .data          0x00000000        0x0 HAL/KEYPAD_INTERFACE.o
 .bss           0x00000000        0x0 HAL/KEYPAD_INTERFACE.o
 .text.ACTIVATE_PULL_UP_RESISTORS
                0x00000000       0x2a HAL/KEYPAD_INTERFACE.o
 .text          0x00000000        0x0 HAL/LCD_INTERFACE.o
 .data          0x00000000        0x0 HAL/LCD_INTERFACE.o
 .bss           0x00000000        0x0 HAL/LCD_INTERFACE.o
 .text          0x00000000        0x0 HAL/LEDS_INTERFACE.o
 .data          0x00000000        0x0 HAL/LEDS_INTERFACE.o
 .bss           0x00000000        0x0 HAL/LEDS_INTERFACE.o
 .text.LED_FLASH
                0x00000000      0x1c2 HAL/LEDS_INTERFACE.o
 .text          0x00000000        0x0 HAL/RELAY_INTERFACE.o
 .data          0x00000000        0x0 HAL/RELAY_INTERFACE.o
 .bss           0x00000000        0x0 HAL/RELAY_INTERFACE.o
 .text          0x00000000        0x0 HAL/SEGMENT7_INTERFACE.o
 .data          0x00000000        0x0 HAL/SEGMENT7_INTERFACE.o
 .bss           0x00000000        0x0 HAL/SEGMENT7_INTERFACE.o
 .text.SEGMENT_ON
                0x00000000       0x20 HAL/SEGMENT7_INTERFACE.o
 .text.SEGMENT_OFF
                0x00000000       0x20 HAL/SEGMENT7_INTERFACE.o
 .text.BCD_PIN_SET
                0x00000000       0x40 HAL/SEGMENT7_INTERFACE.o
 .text.BCD_PIN_RESET
                0x00000000       0x40 HAL/SEGMENT7_INTERFACE.o
 .text.SEGMENT_RESET
                0x00000000       0x1a HAL/SEGMENT7_INTERFACE.o
 .text.SEGMENT_SHOW_NUMBER
                0x00000000       0x2c HAL/SEGMENT7_INTERFACE.o
 .text.SHOW_TWO_NUMBERS
                0x00000000       0x32 HAL/SEGMENT7_INTERFACE.o
 .text.SEGMENT_FLASH
                0x00000000       0x48 HAL/SEGMENT7_INTERFACE.o
 .text.SEGMENT_LEDS_FLASH
                0x00000000       0x7e HAL/SEGMENT7_INTERFACE.o
 .debug_info    0x00000000      0x6e3 HAL/SEGMENT7_INTERFACE.o
 .debug_abbrev  0x00000000      0x164 HAL/SEGMENT7_INTERFACE.o
 .debug_loc     0x00000000      0x479 HAL/SEGMENT7_INTERFACE.o
 .debug_aranges
                0x00000000       0x60 HAL/SEGMENT7_INTERFACE.o
 .debug_ranges  0x00000000       0x50 HAL/SEGMENT7_INTERFACE.o
 .debug_line    0x00000000      0x3b5 HAL/SEGMENT7_INTERFACE.o
 .debug_str     0x00000000      0x2bf HAL/SEGMENT7_INTERFACE.o
 .comment       0x00000000       0x31 HAL/SEGMENT7_INTERFACE.o
 .debug_frame   0x00000000       0xc8 HAL/SEGMENT7_INTERFACE.o
 .text          0x00000000        0x0 main.o
 .data          0x00000000        0x0 main.o
 .bss           0x00000000        0x0 main.o
 .bss.gu8Segment7_number2
                0x00000000        0x1 main.o
 .bss.gu8Segment7_number1
                0x00000000        0x1 main.o
 .text          0x00000000        0x0 MCAL/GPIO/GPIO.o
 .data          0x00000000        0x0 MCAL/GPIO/GPIO.o
 .bss           0x00000000        0x0 MCAL/GPIO/GPIO.o
 .text.Pin_toggle
                0x00000000       0x18 MCAL/GPIO/GPIO.o
 .text          0x00000000        0x0 MCAL/TIMER0/TIMER0.o
 .data          0x00000000        0x0 MCAL/TIMER0/TIMER0.o
 .bss           0x00000000        0x0 MCAL/TIMER0/TIMER0.o
 .text.TIMER0_SET_PRESCALE_64
                0x00000000       0x24 MCAL/TIMER0/TIMER0.o
 .text.TIMER0_STOP
                0x00000000        0x6 MCAL/TIMER0/TIMER0.o
 .text.TIMER0_DISABLE_IOVERFLOW
                0x00000000        0xe MCAL/TIMER0/TIMER0.o
 .text.T0_DEINIT
                0x00000000       0x14 MCAL/TIMER0/TIMER0.o
 .text.TIMER0_ENABLE_IOVERFLOW
                0x00000000        0xc MCAL/TIMER0/TIMER0.o
 .text.T0_INIT  0x00000000       0x18 MCAL/TIMER0/TIMER0.o
 .text.T0_DELAY_ms
                0x00000000       0x42 MCAL/TIMER0/TIMER0.o
 .text          0x00000000        0x0 c:/program files (x86)/atmel/studio/7.0/toolchain/avr8/avr8-gnu-toolchain/bin/../lib/gcc/avr/5.4.0/avr5\libgcc.a(_exit.o)
 .data          0x00000000        0x0 c:/program files (x86)/atmel/studio/7.0/toolchain/avr8/avr8-gnu-toolchain/bin/../lib/gcc/avr/5.4.0/avr5\libgcc.a(_exit.o)
 .bss           0x00000000        0x0 c:/program files (x86)/atmel/studio/7.0/toolchain/avr8/avr8-gnu-toolchain/bin/../lib/gcc/avr/5.4.0/avr5\libgcc.a(_exit.o)
 .text.libgcc.mul
                0x00000000        0x0 c:/program files (x86)/atmel/studio/7.0/toolchain/avr8/avr8-gnu-toolchain/bin/../lib/gcc/avr/5.4.0/avr5\libgcc.a(_exit.o)
 .text.libgcc.div
                0x00000000        0x0 c:/program files (x86)/atmel/studio/7.0/toolchain/avr8/avr8-gnu-toolchain/bin/../lib/gcc/avr/5.4.0/avr5\libgcc.a(_exit.o)
 .text.libgcc   0x00000000        0x0 c:/program files (x86)/atmel/studio/7.0/toolchain/avr8/avr8-gnu-toolchain/bin/../lib/gcc/avr/5.4.0/avr5\libgcc.a(_exit.o)
 .text.libgcc.prologue
                0x00000000        0x0 c:/program files (x86)/atmel/studio/7.0/toolchain/avr8/avr8-gnu-toolchain/bin/../lib/gcc/avr/5.4.0/avr5\libgcc.a(_exit.o)
 .text.libgcc.builtins
                0x00000000        0x0 c:/program files (x86)/atmel/studio/7.0/toolchain/avr8/avr8-gnu-toolchain/bin/../lib/gcc/avr/5.4.0/avr5\libgcc.a(_exit.o)
 .text.libgcc.fmul
                0x00000000        0x0 c:/program files (x86)/atmel/studio/7.0/toolchain/avr8/avr8-gnu-toolchain/bin/../lib/gcc/avr/5.4.0/avr5\libgcc.a(_exit.o)
 .text.libgcc.fixed
                0x00000000        0x0 c:/program files (x86)/atmel/studio/7.0/toolchain/avr8/avr8-gnu-toolchain/bin/../lib/gcc/avr/5.4.0/avr5\libgcc.a(_exit.o)
 .text          0x00000000        0x0 c:/program files (x86)/atmel/studio/7.0/toolchain/avr8/avr8-gnu-toolchain/bin/../lib/gcc/avr/5.4.0/avr5\libgcc.a(_copy_data.o)
 .data          0x00000000        0x0 c:/program files (x86)/atmel/studio/7.0/toolchain/avr8/avr8-gnu-toolchain/bin/../lib/gcc/avr/5.4.0/avr5\libgcc.a(_copy_data.o)
 .bss           0x00000000        0x0 c:/program files (x86)/atmel/studio/7.0/toolchain/avr8/avr8-gnu-toolchain/bin/../lib/gcc/avr/5.4.0/avr5\libgcc.a(_copy_data.o)
 .text.libgcc.mul
                0x00000000        0x0 c:/program files (x86)/atmel/studio/7.0/toolchain/avr8/avr8-gnu-toolchain/bin/../lib/gcc/avr/5.4.0/avr5\libgcc.a(_copy_data.o)
 .text.libgcc.div
                0x00000000        0x0 c:/program files (x86)/atmel/studio/7.0/toolchain/avr8/avr8-gnu-toolchain/bin/../lib/gcc/avr/5.4.0/avr5\libgcc.a(_copy_data.o)
 .text.libgcc   0x00000000        0x0 c:/program files (x86)/atmel/studio/7.0/toolchain/avr8/avr8-gnu-toolchain/bin/../lib/gcc/avr/5.4.0/avr5\libgcc.a(_copy_data.o)
 .text.libgcc.prologue
                0x00000000        0x0 c:/program files (x86)/atmel/studio/7.0/toolchain/avr8/avr8-gnu-toolchain/bin/../lib/gcc/avr/5.4.0/avr5\libgcc.a(_copy_data.o)
 .text.libgcc.builtins
                0x00000000        0x0 c:/program files (x86)/atmel/studio/7.0/toolchain/avr8/avr8-gnu-toolchain/bin/../lib/gcc/avr/5.4.0/avr5\libgcc.a(_copy_data.o)
 .text.libgcc.fmul
                0x00000000        0x0 c:/program files (x86)/atmel/studio/7.0/toolchain/avr8/avr8-gnu-toolchain/bin/../lib/gcc/avr/5.4.0/avr5\libgcc.a(_copy_data.o)
 .text.libgcc.fixed
                0x00000000        0x0 c:/program files (x86)/atmel/studio/7.0/toolchain/avr8/avr8-gnu-toolchain/bin/../lib/gcc/avr/5.4.0/avr5\libgcc.a(_copy_data.o)
 .text          0x00000000        0x0 c:/program files (x86)/atmel/studio/7.0/toolchain/avr8/avr8-gnu-toolchain/bin/../lib/gcc/avr/5.4.0/avr5\libgcc.a(_clear_bss.o)
 .data          0x00000000        0x0 c:/program files (x86)/atmel/studio/7.0/toolchain/avr8/avr8-gnu-toolchain/bin/../lib/gcc/avr/5.4.0/avr5\libgcc.a(_clear_bss.o)
 .bss           0x00000000        0x0 c:/program files (x86)/atmel/studio/7.0/toolchain/avr8/avr8-gnu-toolchain/bin/../lib/gcc/avr/5.4.0/avr5\libgcc.a(_clear_bss.o)
 .text.libgcc.mul
                0x00000000        0x0 c:/program files (x86)/atmel/studio/7.0/toolchain/avr8/avr8-gnu-toolchain/bin/../lib/gcc/avr/5.4.0/avr5\libgcc.a(_clear_bss.o)
 .text.libgcc.div
                0x00000000        0x0 c:/program files (x86)/atmel/studio/7.0/toolchain/avr8/avr8-gnu-toolchain/bin/../lib/gcc/avr/5.4.0/avr5\libgcc.a(_clear_bss.o)
 .text.libgcc   0x00000000        0x0 c:/program files (x86)/atmel/studio/7.0/toolchain/avr8/avr8-gnu-toolchain/bin/../lib/gcc/avr/5.4.0/avr5\libgcc.a(_clear_bss.o)
 .text.libgcc.prologue
                0x00000000        0x0 c:/program files (x86)/atmel/studio/7.0/toolchain/avr8/avr8-gnu-toolchain/bin/../lib/gcc/avr/5.4.0/avr5\libgcc.a(_clear_bss.o)
 .text.libgcc.builtins
                0x00000000        0x0 c:/program files (x86)/atmel/studio/7.0/toolchain/avr8/avr8-gnu-toolchain/bin/../lib/gcc/avr/5.4.0/avr5\libgcc.a(_clear_bss.o)
 .text.libgcc.fmul
                0x00000000        0x0 c:/program files (x86)/atmel/studio/7.0/toolchain/avr8/avr8-gnu-toolchain/bin/../lib/gcc/avr/5.4.0/avr5\libgcc.a(_clear_bss.o)
 .text.libgcc.fixed
                0x00000000        0x0 c:/program files (x86)/atmel/studio/7.0/toolchain/avr8/avr8-gnu-toolchain/bin/../lib/gcc/avr/5.4.0/avr5\libgcc.a(_clear_bss.o)

Memory Configuration

Name             Origin             Length             Attributes
text             0x00000000         0x00020000         xr
data             0x00800060         0x0000ffa0         rw !x
eeprom           0x00810000         0x00010000         rw !x
fuse             0x00820000         0x00000002         rw !x
lock             0x00830000         0x00000400         rw !x
signature        0x00840000         0x00000400         rw !x
user_signatures  0x00850000         0x00000400         rw !x
*default*        0x00000000         0xffffffff

Linker script and memory map

LOAD C:/Program Files (x86)/Atmel/Studio/7.0/Packs/atmel/ATmega_DFP/1.2.209/gcc/dev/atmega32/avr5/crtatmega32.o
LOAD APP/BUZZER_ONE_BUTTON/BUZZER_ON_OFF.o
LOAD APP/KEYPAD/KEYPAD_LCD.o
LOAD APP/LCD_HELLO/LCD_HELLO.o
LOAD APP/LCD_TEST/LCD_TEST.o
LOAD APP/SEGMENT7/SEGMENT_INC_DEC.o
LOAD APP/TEST/TEST.o
LOAD HAL/BUTTON_INTERFACE.o
LOAD HAL/BUZZER_INTERFACE.o
LOAD HAL/KEYPAD_INTERFACE.o
LOAD HAL/LCD_INTERFACE.o
LOAD HAL/LEDS_INTERFACE.o
LOAD HAL/RELAY_INTERFACE.o
LOAD HAL/SEGMENT7_INTERFACE.o
LOAD main.o
LOAD MCAL/GPIO/GPIO.o
LOAD MCAL/TIMER0/TIMER0.o
START GROUP
LOAD c:/program files (x86)/atmel/studio/7.0/toolchain/avr8/avr8-gnu-toolchain/bin/../lib/gcc/avr/5.4.0/../../../../avr/lib/avr5\libm.a
END GROUP
START GROUP
LOAD c:/program files (x86)/atmel/studio/7.0/toolchain/avr8/avr8-gnu-toolchain/bin/../lib/gcc/avr/5.4.0/avr5\libgcc.a
LOAD c:/program files (x86)/atmel/studio/7.0/toolchain/avr8/avr8-gnu-toolchain/bin/../lib/gcc/avr/5.4.0/../../../../avr/lib/avr5\libm.a
LOAD c:/program files (x86)/atmel/studio/7.0/toolchain/avr8/avr8-gnu-toolchain/bin/../lib/gcc/avr/5.4.0/../../../../avr/lib/avr5\libc.a
LOAD C:/Program Files (x86)/Atmel/Studio/7.0/Packs/atmel/ATmega_DFP/1.2.209/gcc/dev/atmega32/avr5\libatmega32.a
END GROUP
                0x00020000                __TEXT_REGION_LENGTH__ = DEFINED (__TEXT_REGION_LENGTH__)?__TEXT_REGION_LENGTH__:0x20000
                0x0000ffa0                __DATA_REGION_LENGTH__ = DEFINED (__DATA_REGION_LENGTH__)?__DATA_REGION_LENGTH__:0xffa0
                0x00010000                __EEPROM_REGION_LENGTH__ = DEFINED (__EEPROM_REGION_LENGTH__)?__EEPROM_REGION_LENGTH__:0x10000
                [0x00000002]                __FUSE_REGION_LENGTH__ = DEFINED (__FUSE_REGION_LENGTH__)?__FUSE_REGION_LENGTH__:0x400
                0x00000400                __LOCK_REGION_LENGTH__ = DEFINED (__LOCK_REGION_LENGTH__)?__LOCK_REGION_LENGTH__:0x400
                0x00000400                __SIGNATURE_REGION_LENGTH__ = DEFINED (__SIGNATURE_REGION_LENGTH__)?__SIGNATURE_REGION_LENGTH__:0x400
                0x00000400                __USER_SIGNATURE_REGION_LENGTH__ = DEFINED (__USER_SIGNATURE_REGION_LENGTH__)?__USER_SIGNATURE_REGION_LENGTH__:0x400

.hash
 *(.hash)

.dynsym
 *(.dynsym)

.dynstr
 *(.dynstr)

.gnu.version
 *(.gnu.version)

.gnu.version_d
 *(.gnu.version_d)

.gnu.version_r
 *(.gnu.version_r)

.rel.init
 *(.rel.init)

.rela.init
 *(.rela.init)

.rel.text
 *(.rel.text)
 *(.rel.text.*)
 *(.rel.gnu.linkonce.t*)

.rela.text
 *(.rela.text)
 *(.rela.text.*)
 *(.rela.gnu.linkonce.t*)

.rel.fini
 *(.rel.fini)

.rela.fini
 *(.rela.fini)

.rel.rodata
 *(.rel.rodata)
 *(.rel.rodata.*)
 *(.rel.gnu.linkonce.r*)

.rela.rodata
 *(.rela.rodata)
 *(.rela.rodata.*)
 *(.rela.gnu.linkonce.r*)

.rel.data
 *(.rel.data)
 *(.rel.data.*)
 *(.rel.gnu.linkonce.d*)

.rela.data
 *(.rela.data)
 *(.rela.data.*)
 *(.rela.gnu.linkonce.d*)

.rel.ctors
 *(.rel.ctors)

.rela.ctors
 *(.rela.ctors)

.rel.dtors
 *(.rel.dtors)

.rela.dtors
 *(.rela.dtors)

.rel.got
 *(.rel.got)

.rela.got
 *(.rela.got)

.rel.bss
 *(.rel.bss)

.rela.bss
 *(.rela.bss)

.rel.plt
 *(.rel.plt)

.rela.plt
 *(.rela.plt)

.text           0x00000000     0x15b8
 *(.vectors)
 .vectors       0x00000000       0x54 C:/Program Files (x86)/Atmel/Studio/7.0/Packs/atmel/ATmega_DFP/1.2.209/gcc/dev/atmega32/avr5/crtatmega32.o
                0x00000000                __vector_default
                0x00000000                __vectors
 *(.vectors)
 *(.progmem.gcc*)
                0x00000054                . = ALIGN (0x2)
                0x00000054                __trampolines_start = .
 *(.trampolines)
 .trampolines   0x00000054        0x0 linker stubs
 *(.trampolines*)
                0x00000054                __trampolines_end = .
 *libprintf_flt.a:*(.progmem.data)
 *libc.a:*(.progmem.data)
 *(.progmem*)
                0x00000054                . = ALIGN (0x2)
 *(.jumptables)
 *(.jumptables*)
 *(.lowtext)
 *(.lowtext*)
                0x00000054                __ctors_start = .
 *(.ctors)
                0x00000054                __ctors_end = .
                0x00000054                __dtors_start = .
 *(.dtors)
                0x00000054                __dtors_end = .
 SORT(*)(.ctors)
 SORT(*)(.dtors)
 *(.init0)
 .init0         0x00000054        0x0 C:/Program Files (x86)/Atmel/Studio/7.0/Packs/atmel/ATmega_DFP/1.2.209/gcc/dev/atmega32/avr5/crtatmega32.o
                0x00000054                __init
 *(.init0)
 *(.init1)
 *(.init1)
 *(.init2)
 .init2         0x00000054        0xc C:/Program Files (x86)/Atmel/Studio/7.0/Packs/atmel/ATmega_DFP/1.2.209/gcc/dev/atmega32/avr5/crtatmega32.o
 *(.init2)
 *(.init3)
 *(.init3)
 *(.init4)
 .init4         0x00000060       0x16 c:/program files (x86)/atmel/studio/7.0/toolchain/avr8/avr8-gnu-toolchain/bin/../lib/gcc/avr/5.4.0/avr5\libgcc.a(_copy_data.o)
                0x00000060                __do_copy_data
 .init4         0x00000076       0x10 c:/program files (x86)/atmel/studio/7.0/toolchain/avr8/avr8-gnu-toolchain/bin/../lib/gcc/avr/5.4.0/avr5\libgcc.a(_clear_bss.o)
                0x00000076                __do_clear_bss
 *(.init4)
 *(.init5)
 *(.init5)
 *(.init6)
 *(.init6)
 *(.init7)
 *(.init7)
 *(.init8)
 *(.init8)
 *(.init9)
 .init9         0x00000086        0x8 C:/Program Files (x86)/Atmel/Studio/7.0/Packs/atmel/ATmega_DFP/1.2.209/gcc/dev/atmega32/avr5/crtatmega32.o
 *(.init9)
 *(.text)
 .text          0x0000008e        0x4 C:/Program Files (x86)/Atmel/Studio/7.0/Packs/atmel/ATmega_DFP/1.2.209/gcc/dev/atmega32/avr5/crtatmega32.o
                0x0000008e                __vector_1
                0x0000008e                __vector_12
                0x0000008e                __bad_interrupt
                0x0000008e                __vector_6
                0x0000008e                __vector_3
                0x0000008e                __vector_13
                0x0000008e                __vector_17
                0x0000008e                __vector_19
                0x0000008e                __vector_7
                0x0000008e                __vector_5
                0x0000008e                __vector_4
                0x0000008e                __vector_9
                0x0000008e                __vector_2
                0x0000008e                __vector_15
                0x0000008e                __vector_8
                0x0000008e                __vector_14
                0x0000008e                __vector_10
                0x0000008e                __vector_16
                0x0000008e                __vector_18
                0x0000008e                __vector_20
                0x00000092                . = ALIGN (0x2)
 *(.text.*)
 .text.GET_KEY_ROW
                0x00000092       0x74 APP/KEYPAD/KEYPAD_LCD.o
                0x00000092                GET_KEY_ROW
 .text.GET_KEY_COLUMN
                0x00000106       0x74 APP/KEYPAD/KEYPAD_LCD.o
                0x00000106                GET_KEY_COLUMN
 .text.ANALYZE_PRESS
                0x0000017a      0x220 APP/KEYPAD/KEYPAD_LCD.o
                0x0000017a                ANALYZE_PRESS
 .text.KEYPAD_WITH_LCD
                0x0000039a      0x41e APP/KEYPAD/KEYPAD_LCD.o
                0x0000039a                KEYPAD_WITH_LCD
 .text.HOME_PAGE
                0x000007b8       0x68 APP/LCD_TEST/LCD_TEST.o
                0x000007b8                HOME_PAGE
 .text.PAGE2    0x00000820      0x116 APP/LCD_TEST/LCD_TEST.o
                0x00000820                PAGE2
 .text.PAGE3    0x00000936       0xc4 APP/LCD_TEST/LCD_TEST.o
                0x00000936                PAGE3
 .text.LCD_TEST
                0x000009fa        0xe APP/LCD_TEST/LCD_TEST.o
                0x000009fa                LCD_TEST
 .text.BUTTON0_READ
                0x00000a08       0x6e HAL/BUTTON_INTERFACE.o
                0x00000a08                BUTTON0_READ
 .text.BUTTON1_READ
                0x00000a76       0x6e HAL/BUTTON_INTERFACE.o
                0x00000a76                BUTTON1_READ
 .text.BUTTON2_READ
                0x00000ae4       0x6e HAL/BUTTON_INTERFACE.o
                0x00000ae4                BUTTON2_READ
 .text.BUZZER_ON
                0x00000b52        0xc HAL/BUZZER_INTERFACE.o
                0x00000b52                BUZZER_ON
 .text.BUZZER_OFF
                0x00000b5e        0xc HAL/BUZZER_INTERFACE.o
                0x00000b5e                BUZZER_OFF
 .text.BUZZER_FLICKER
                0x00000b6a       0x38 HAL/BUZZER_INTERFACE.o
                0x00000b6a                BUZZER_FLICKER
 .text.POWER_ROW1
                0x00000ba2        0xc HAL/KEYPAD_INTERFACE.o
                0x00000ba2                POWER_ROW1
 .text.POWER_ROW2
                0x00000bae        0xc HAL/KEYPAD_INTERFACE.o
                0x00000bae                POWER_ROW2
 .text.POWER_ROW3
                0x00000bba        0xc HAL/KEYPAD_INTERFACE.o
                0x00000bba                POWER_ROW3
 .text.POWER_ROW4
                0x00000bc6        0xc HAL/KEYPAD_INTERFACE.o
                0x00000bc6                POWER_ROW4
 .text.POWER_ALL_ROWS
                0x00000bd2       0x12 HAL/KEYPAD_INTERFACE.o
                0x00000bd2                POWER_ALL_ROWS
 .text.GROUND_ALL_ROWS
                0x00000be4       0x2a HAL/KEYPAD_INTERFACE.o
                0x00000be4                GROUND_ALL_ROWS
 .text.READ_ROW1
                0x00000c0e       0x6e HAL/KEYPAD_INTERFACE.o
                0x00000c0e                READ_ROW1
 .text.READ_ROW2
                0x00000c7c       0x6e HAL/KEYPAD_INTERFACE.o
                0x00000c7c                READ_ROW2
 .text.READ_ROW3
                0x00000cea       0x6e HAL/KEYPAD_INTERFACE.o
                0x00000cea                READ_ROW3
 .text.READ_ROW4
                0x00000d58       0x6e HAL/KEYPAD_INTERFACE.o
                0x00000d58                READ_ROW4
 .text.SET_ROWS_INPUT
                0x00000dc6       0x42 HAL/KEYPAD_INTERFACE.o
                0x00000dc6                SET_ROWS_INPUT
 .text.SET_ROWS_OUTPUT
                0x00000e08       0x42 HAL/KEYPAD_INTERFACE.o
                0x00000e08                SET_ROWS_OUTPUT
 .text.POWER_COLUMN1
                0x00000e4a        0xc HAL/KEYPAD_INTERFACE.o
                0x00000e4a                POWER_COLUMN1
 .text.POWER_COLUMN2
                0x00000e56        0xc HAL/KEYPAD_INTERFACE.o
                0x00000e56                POWER_COLUMN2
 .text.POWER_COLUMN3
                0x00000e62        0xc HAL/KEYPAD_INTERFACE.o
                0x00000e62                POWER_COLUMN3
 .text.POWER_COLUMN4
                0x00000e6e        0xc HAL/KEYPAD_INTERFACE.o
                0x00000e6e                POWER_COLUMN4
 .text.POWER_ALL_COLUMNS
                0x00000e7a       0x12 HAL/KEYPAD_INTERFACE.o
                0x00000e7a                POWER_ALL_COLUMNS
 .text.GROUND_ALL_COLUMNS
                0x00000e8c       0x2a HAL/KEYPAD_INTERFACE.o
                0x00000e8c                GROUND_ALL_COLUMNS
 .text.READ_COLUMN1
                0x00000eb6       0x6e HAL/KEYPAD_INTERFACE.o
                0x00000eb6                READ_COLUMN1
 .text.READ_COLUMN2
                0x00000f24       0x6e HAL/KEYPAD_INTERFACE.o
                0x00000f24                READ_COLUMN2
 .text.READ_COLUMN3
                0x00000f92       0x6e HAL/KEYPAD_INTERFACE.o
                0x00000f92                READ_COLUMN3
 .text.READ_COLUMN4
                0x00001000       0x6e HAL/KEYPAD_INTERFACE.o
                0x00001000                READ_COLUMN4
 .text.SET_COLUMNS_INPUT
                0x0000106e       0x42 HAL/KEYPAD_INTERFACE.o
                0x0000106e                SET_COLUMNS_INPUT
 .text.SET_COLUMNS_OUTPUT
                0x000010b0       0x42 HAL/KEYPAD_INTERFACE.o
                0x000010b0                SET_COLUMNS_OUTPUT
 .text.RW_STATE
                0x000010f2       0x36 HAL/LCD_INTERFACE.o
                0x000010f2                RW_STATE
 .text.RS_STATE
                0x00001128       0x36 HAL/LCD_INTERFACE.o
                0x00001128                RS_STATE
 .text.ENABLE_STATE
                0x0000115e       0x36 HAL/LCD_INTERFACE.o
                0x0000115e                ENABLE_STATE
 .text.HIGH_TO_LOW_PULSE
                0x00001194       0x1a HAL/LCD_INTERFACE.o
                0x00001194                HIGH_TO_LOW_PULSE
 .text.LCD_COMMAND
                0x000011ae       0x3a HAL/LCD_INTERFACE.o
                0x000011ae                LCD_COMMAND
 .text.LCD_DATA
                0x000011e8       0x3a HAL/LCD_INTERFACE.o
                0x000011e8                LCD_DATA
 .text.LCD_DATA_STRING
                0x00001222       0x32 HAL/LCD_INTERFACE.o
                0x00001222                LCD_DATA_STRING
 .text.LCD_INIT
                0x00001254       0xf0 HAL/LCD_INTERFACE.o
                0x00001254                LCD_INIT
 .text.LED_ON   0x00001344       0x30 HAL/LEDS_INTERFACE.o
                0x00001344                LED_ON
 .text.LED_OFF  0x00001374       0x30 HAL/LEDS_INTERFACE.o
                0x00001374                LED_OFF
 .text.LEDS_FLASH
                0x000013a4       0x54 HAL/LEDS_INTERFACE.o
                0x000013a4                LEDS_FLASH
 .text.RELAY_ON
                0x000013f8        0xc HAL/RELAY_INTERFACE.o
                0x000013f8                RELAY_ON
 .text.RELAY_OFF
                0x00001404        0xc HAL/RELAY_INTERFACE.o
                0x00001404                RELAY_OFF
 .text.RELAY_FLICKER
                0x00001410       0x38 HAL/RELAY_INTERFACE.o
                0x00001410                RELAY_FLICKER
 .text.main     0x00001448       0xba main.o
                0x00001448                main
 .text.Pin_set  0x00001502       0x18 MCAL/GPIO/GPIO.o
                0x00001502                Pin_set
 .text.Pin_reset
                0x0000151a       0x1a MCAL/GPIO/GPIO.o
                0x0000151a                Pin_reset
 .text.Pin_mode
                0x00001534       0x44 MCAL/GPIO/GPIO.o
                0x00001534                Pin_mode
 .text.Pin_read
                0x00001578       0x1a MCAL/GPIO/GPIO.o
                0x00001578                Pin_read
 .text.__vector_11
                0x00001592       0x22 MCAL/TIMER0/TIMER0.o
                0x00001592                __vector_11
                0x000015b4                . = ALIGN (0x2)
 *(.fini9)
 .fini9         0x000015b4        0x0 c:/program files (x86)/atmel/studio/7.0/toolchain/avr8/avr8-gnu-toolchain/bin/../lib/gcc/avr/5.4.0/avr5\libgcc.a(_exit.o)
                0x000015b4                _exit
                0x000015b4                exit
 *(.fini9)
 *(.fini8)
 *(.fini8)
 *(.fini7)
 *(.fini7)
 *(.fini6)
 *(.fini6)
 *(.fini5)
 *(.fini5)
 *(.fini4)
 *(.fini4)
 *(.fini3)
 *(.fini3)
 *(.fini2)
 *(.fini2)
 *(.fini1)
 *(.fini1)
 *(.fini0)
 .fini0         0x000015b4        0x4 c:/program files (x86)/atmel/studio/7.0/toolchain/avr8/avr8-gnu-toolchain/bin/../lib/gcc/avr/5.4.0/avr5\libgcc.a(_exit.o)
 *(.fini0)
                0x000015b8                _etext = .

.data           0x00800060       0xde load address 0x000015b8
                0x00800060                PROVIDE (__data_start, .)
 *(.data)
 *(.data*)
 .data.u8Statement_p3_2
                0x00800060       0x11 APP/KEYPAD/KEYPAD_LCD.o
 .data.u8Statement_p3_1
                0x00800071       0x11 APP/KEYPAD/KEYPAD_LCD.o
 .data.u8Statement_p2_2
                0x00800082       0x11 APP/KEYPAD/KEYPAD_LCD.o
 .data.u8Statement_p2_1
                0x00800093       0x11 APP/KEYPAD/KEYPAD_LCD.o
 .data.u8Statement_pHome_2
                0x008000a4        0x7 APP/KEYPAD/KEYPAD_LCD.o
 .data.u8Statement_pHome_1
                0x008000ab        0x5 APP/KEYPAD/KEYPAD_LCD.o
 .data.u8Statement_test
                0x008000b0       0x11 APP/LCD_TEST/LCD_TEST.o
 .data.u8Statement_p3_2
                0x008000c1       0x11 APP/LCD_TEST/LCD_TEST.o
 .data.u8Statement_p3_1
                0x008000d2       0x11 APP/LCD_TEST/LCD_TEST.o
 .data.u8Statement_p2_2
                0x008000e3       0x11 APP/LCD_TEST/LCD_TEST.o
 .data.u8Statement_p2_1
                0x008000f4       0x11 APP/LCD_TEST/LCD_TEST.o
 .data.u8Statement_pHome_2
                0x00800105       0x11 APP/LCD_TEST/LCD_TEST.o
 .data.u8Statement_pHome_1
                0x00800116       0x11 APP/LCD_TEST/LCD_TEST.o
 *(.gnu.linkonce.d*)
 *(.rodata)
 .rodata        0x00800127        0x7 APP/KEYPAD/KEYPAD_LCD.o
 *(.rodata*)
 .rodata.gu8Key_pad
                0x0080012e       0x10 main.o
                0x0080012e                gu8Key_pad
 *(.gnu.linkonce.r*)
                0x0080013e                . = ALIGN (0x2)
                0x0080013e                _edata = .
                0x0080013e                PROVIDE (__data_end, .)

.bss            0x0080013e       0x12
                0x0080013e                PROVIDE (__bss_start, .)
 *(.bss)
 *(.bss*)
 .bss.u8Captured_column
                0x0080013e        0x1 APP/KEYPAD/KEYPAD_LCD.o
 .bss.u8Captured_row
                0x0080013f        0x1 APP/KEYPAD/KEYPAD_LCD.o
 .bss.u8Row4_reading
                0x00800140        0x1 APP/KEYPAD/KEYPAD_LCD.o
 .bss.u8Row3_reading
                0x00800141        0x1 APP/KEYPAD/KEYPAD_LCD.o
 .bss.u8Row2_reading
                0x00800142        0x1 APP/KEYPAD/KEYPAD_LCD.o
 .bss.u8Row1_reading
                0x00800143        0x1 APP/KEYPAD/KEYPAD_LCD.o
 .bss.u8Column4_reading
                0x00800144        0x1 APP/KEYPAD/KEYPAD_LCD.o
 .bss.u8Column3_reading
                0x00800145        0x1 APP/KEYPAD/KEYPAD_LCD.o
 .bss.u8Column2_reading
                0x00800146        0x1 APP/KEYPAD/KEYPAD_LCD.o
 .bss.u8Column1_reading
                0x00800147        0x1 APP/KEYPAD/KEYPAD_LCD.o
 .bss.u8Key_sequence
                0x00800148        0x1 APP/KEYPAD/KEYPAD_LCD.o
 .bss.u8Entered_character
                0x00800149        0x1 APP/KEYPAD/KEYPAD_LCD.o
 .bss.u8Button2_reading
                0x0080014a        0x1 APP/LCD_TEST/LCD_TEST.o
 .bss.u8Button1_reading
                0x0080014b        0x1 APP/LCD_TEST/LCD_TEST.o
 .bss.u8Button0_reading
                0x0080014c        0x1 APP/LCD_TEST/LCD_TEST.o
 .bss.gu8Password_right
                0x0080014d        0x1 main.o
                0x0080014d                gu8Password_right
 .bss.gu8ID_right
                0x0080014e        0x1 main.o
                0x0080014e                gu8ID_right
 .bss.gu8Flag   0x0080014f        0x1 MCAL/TIMER0/TIMER0.o
 *(COMMON)
                0x00800150                PROVIDE (__bss_end, .)
                0x000015b8                __data_load_start = LOADADDR (.data)
                0x00001696                __data_load_end = (__data_load_start + SIZEOF (.data))

.noinit         0x00800150        0x0
                [!provide]                PROVIDE (__noinit_start, .)
 *(.noinit*)
                [!provide]                PROVIDE (__noinit_end, .)
                0x00800150                _end = .
                [!provide]                PROVIDE (__heap_start, .)

.eeprom         0x00810000        0x0
 *(.eeprom*)
                0x00810000                __eeprom_end = .

.fuse
 *(.fuse)
 *(.lfuse)
 *(.hfuse)
 *(.efuse)

.lock
 *(.lock*)

.signature
 *(.signature*)

.user_signatures
 *(.user_signatures*)

.stab
 *(.stab)

.stabstr
 *(.stabstr)

.stab.excl
 *(.stab.excl)

.stab.exclstr
 *(.stab.exclstr)

.stab.index
 *(.stab.index)

.stab.indexstr
 *(.stab.indexstr)

.comment        0x00000000       0x30
 *(.comment)
 .comment       0x00000000       0x30 APP/KEYPAD/KEYPAD_LCD.o
                                 0x31 (size before relaxing)
 .comment       0x00000030       0x31 APP/LCD_TEST/LCD_TEST.o
 .comment       0x00000030       0x31 HAL/BUTTON_INTERFACE.o
 .comment       0x00000030       0x31 HAL/BUZZER_INTERFACE.o
 .comment       0x00000030       0x31 HAL/KEYPAD_INTERFACE.o
 .comment       0x00000030       0x31 HAL/LCD_INTERFACE.o
 .comment       0x00000030       0x31 HAL/LEDS_INTERFACE.o
 .comment       0x00000030       0x31 HAL/RELAY_INTERFACE.o
 .comment       0x00000030       0x31 main.o
 .comment       0x00000030       0x31 MCAL/GPIO/GPIO.o
 .comment       0x00000030       0x31 MCAL/TIMER0/TIMER0.o

.note.gnu.avr.deviceinfo
                0x00000000       0x3c
 .note.gnu.avr.deviceinfo
                0x00000000       0x3c C:/Program Files (x86)/Atmel/Studio/7.0/Packs/atmel/ATmega_DFP/1.2.209/gcc/dev/atmega32/avr5/crtatmega32.o

.note.gnu.build-id
 *(.note.gnu.build-id)

.debug
 *(.debug)

.line
 *(.line)

.debug_srcinfo
 *(.debug_srcinfo)

.debug_sfnames
 *(.debug_sfnames)

.debug_aranges  0x00000000      0x330
 *(.debug_aranges)
 .debug_aranges
                0x00000000       0x38 APP/KEYPAD/KEYPAD_LCD.o
 .debug_aranges
                0x00000038       0x40 APP/LCD_TEST/LCD_TEST.o
 .debug_aranges
                0x00000078       0x30 HAL/BUTTON_INTERFACE.o
 .debug_aranges
                0x000000a8       0x30 HAL/BUZZER_INTERFACE.o
 .debug_aranges
                0x000000d8       0xe0 HAL/KEYPAD_INTERFACE.o
 .debug_aranges
                0x000001b8       0x58 HAL/LCD_INTERFACE.o
 .debug_aranges
                0x00000210       0x38 HAL/LEDS_INTERFACE.o
 .debug_aranges
                0x00000248       0x30 HAL/RELAY_INTERFACE.o
 .debug_aranges
                0x00000278       0x20 main.o
 .debug_aranges
                0x00000298       0x40 MCAL/GPIO/GPIO.o
 .debug_aranges
                0x000002d8       0x58 MCAL/TIMER0/TIMER0.o

.debug_pubnames
 *(.debug_pubnames)

.debug_info     0x00000000     0x4a0f
 *(.debug_info .gnu.linkonce.wi.*)
 .debug_info    0x00000000      0x4e6 C:/Program Files (x86)/Atmel/Studio/7.0/Packs/atmel/ATmega_DFP/1.2.209/gcc/dev/atmega32/avr5/crtatmega32.o
 .debug_info    0x000004e6      0xd80 APP/KEYPAD/KEYPAD_LCD.o
 .debug_info    0x00001266      0xdce APP/LCD_TEST/LCD_TEST.o
 .debug_info    0x00002034      0x26c HAL/BUTTON_INTERFACE.o
 .debug_info    0x000022a0      0x1e7 HAL/BUZZER_INTERFACE.o
 .debug_info    0x00002487      0xcdc HAL/KEYPAD_INTERFACE.o
 .debug_info    0x00003163      0x7ca HAL/LCD_INTERFACE.o
 .debug_info    0x0000392d      0x847 HAL/LEDS_INTERFACE.o
 .debug_info    0x00004174      0x1e7 HAL/RELAY_INTERFACE.o
 .debug_info    0x0000435b      0x344 main.o
 .debug_info    0x0000469f      0x1d6 MCAL/GPIO/GPIO.o
 .debug_info    0x00004875      0x19a MCAL/TIMER0/TIMER0.o

.debug_abbrev   0x00000000     0x10c9
 *(.debug_abbrev)
 .debug_abbrev  0x00000000      0x4a3 C:/Program Files (x86)/Atmel/Studio/7.0/Packs/atmel/ATmega_DFP/1.2.209/gcc/dev/atmega32/avr5/crtatmega32.o
 .debug_abbrev  0x000004a3      0x1e0 APP/KEYPAD/KEYPAD_LCD.o
 .debug_abbrev  0x00000683      0x169 APP/LCD_TEST/LCD_TEST.o
 .debug_abbrev  0x000007ec       0xbf HAL/BUTTON_INTERFACE.o
 .debug_abbrev  0x000008ab      0x114 HAL/BUZZER_INTERFACE.o
 .debug_abbrev  0x000009bf      0x141 HAL/KEYPAD_INTERFACE.o
 .debug_abbrev  0x00000b00      0x13b HAL/LCD_INTERFACE.o
 .debug_abbrev  0x00000c3b      0x132 HAL/LEDS_INTERFACE.o
 .debug_abbrev  0x00000d6d      0x114 HAL/RELAY_INTERFACE.o
 .debug_abbrev  0x00000e81       0xbf main.o
 .debug_abbrev  0x00000f40       0x90 MCAL/GPIO/GPIO.o
 .debug_abbrev  0x00000fd0       0xf9 MCAL/TIMER0/TIMER0.o

.debug_line     0x00000000     0x2436
 *(.debug_line .debug_line.* .debug_line_end)
 .debug_line    0x00000000      0x115 C:/Program Files (x86)/Atmel/Studio/7.0/Packs/atmel/ATmega_DFP/1.2.209/gcc/dev/atmega32/avr5/crtatmega32.o
 .debug_line    0x00000115      0x840 APP/KEYPAD/KEYPAD_LCD.o
 .debug_line    0x00000955      0x4fa APP/LCD_TEST/LCD_TEST.o
 .debug_line    0x00000e4f      0x1c5 HAL/BUTTON_INTERFACE.o
 .debug_line    0x00001014      0x19c HAL/BUZZER_INTERFACE.o
 .debug_line    0x000011b0      0x5ba HAL/KEYPAD_INTERFACE.o
 .debug_line    0x0000176a      0x33e HAL/LCD_INTERFACE.o
 .debug_line    0x00001aa8      0x362 HAL/LEDS_INTERFACE.o
 .debug_line    0x00001e0a      0x19b HAL/RELAY_INTERFACE.o
 .debug_line    0x00001fa5      0x1b9 main.o
 .debug_line    0x0000215e      0x11f MCAL/GPIO/GPIO.o
 .debug_line    0x0000227d      0x1b9 MCAL/TIMER0/TIMER0.o

.debug_frame    0x00000000      0x788
 *(.debug_frame)
 .debug_frame   0x00000000       0xac APP/KEYPAD/KEYPAD_LCD.o
 .debug_frame   0x000000ac       0x64 APP/LCD_TEST/LCD_TEST.o
 .debug_frame   0x00000110       0xb0 HAL/BUTTON_INTERFACE.o
 .debug_frame   0x000001c0       0x4c HAL/BUZZER_INTERFACE.o
 .debug_frame   0x0000020c      0x2c4 HAL/KEYPAD_INTERFACE.o
 .debug_frame   0x000004d0       0xd0 HAL/LCD_INTERFACE.o
 .debug_frame   0x000005a0       0x5c HAL/LEDS_INTERFACE.o
 .debug_frame   0x000005fc       0x4c HAL/RELAY_INTERFACE.o
 .debug_frame   0x00000648       0x24 main.o
 .debug_frame   0x0000066c       0x64 MCAL/GPIO/GPIO.o
 .debug_frame   0x000006d0       0xb8 MCAL/TIMER0/TIMER0.o

.debug_str      0x00000000      0xc09
 *(.debug_str)
 .debug_str     0x00000000      0x196 C:/Program Files (x86)/Atmel/Studio/7.0/Packs/atmel/ATmega_DFP/1.2.209/gcc/dev/atmega32/avr5/crtatmega32.o
 .debug_str     0x00000196      0x578 APP/KEYPAD/KEYPAD_LCD.o
                                0x5cd (size before relaxing)
 .debug_str     0x0000070e      0x1a3 APP/LCD_TEST/LCD_TEST.o
                                0x48a (size before relaxing)
 .debug_str     0x000008b1       0x4d HAL/BUTTON_INTERFACE.o
                                0x1df (size before relaxing)
 .debug_str     0x000008fe       0x2c HAL/BUZZER_INTERFACE.o
                                0x206 (size before relaxing)
 .debug_str     0x0000092a       0xbd HAL/KEYPAD_INTERFACE.o
                                0x33c (size before relaxing)
 .debug_str     0x000009e7       0x72 HAL/LCD_INTERFACE.o
                                0x26f (size before relaxing)
 .debug_str     0x00000a59       0x3e HAL/LEDS_INTERFACE.o
                                0x211 (size before relaxing)
 .debug_str     0x00000a97       0x23 HAL/RELAY_INTERFACE.o
                                0x202 (size before relaxing)
 .debug_str     0x00000aba       0x39 main.o
                                0x216 (size before relaxing)
 .debug_str     0x00000af3       0x6a MCAL/GPIO/GPIO.o
                                0x202 (size before relaxing)
 .debug_str     0x00000b5d       0xac MCAL/TIMER0/TIMER0.o
                                0x218 (size before relaxing)

.debug_loc      0x00000000     0x282c
 *(.debug_loc)
 .debug_loc     0x00000000      0x590 APP/KEYPAD/KEYPAD_LCD.o
 .debug_loc     0x00000590      0x668 APP/LCD_TEST/LCD_TEST.o
 .debug_loc     0x00000bf8      0x38d HAL/BUTTON_INTERFACE.o
 .debug_loc     0x00000f85       0xf3 HAL/BUZZER_INTERFACE.o
 .debug_loc     0x00001078      0x978 HAL/KEYPAD_INTERFACE.o
 .debug_loc     0x000019f0      0x4df HAL/LCD_INTERFACE.o
 .debug_loc     0x00001ecf      0x6fc HAL/LEDS_INTERFACE.o
 .debug_loc     0x000025cb       0xf3 HAL/RELAY_INTERFACE.o
 .debug_loc     0x000026be       0xb5 MCAL/GPIO/GPIO.o
 .debug_loc     0x00002773       0xb9 MCAL/TIMER0/TIMER0.o

.debug_macinfo
 *(.debug_macinfo)

.debug_weaknames
 *(.debug_weaknames)

.debug_funcnames
 *(.debug_funcnames)

.debug_typenames
 *(.debug_typenames)

.debug_varnames
 *(.debug_varnames)

.debug_pubtypes
 *(.debug_pubtypes)

.debug_ranges   0x00000000      0x280
 *(.debug_ranges)
 .debug_ranges  0x00000000       0x28 APP/KEYPAD/KEYPAD_LCD.o
 .debug_ranges  0x00000028       0x30 APP/LCD_TEST/LCD_TEST.o
 .debug_ranges  0x00000058       0x20 HAL/BUTTON_INTERFACE.o
 .debug_ranges  0x00000078       0x20 HAL/BUZZER_INTERFACE.o
 .debug_ranges  0x00000098       0xd0 HAL/KEYPAD_INTERFACE.o
 .debug_ranges  0x00000168       0x48 HAL/LCD_INTERFACE.o
 .debug_ranges  0x000001b0       0x28 HAL/LEDS_INTERFACE.o
 .debug_ranges  0x000001d8       0x20 HAL/RELAY_INTERFACE.o
 .debug_ranges  0x000001f8       0x10 main.o
 .debug_ranges  0x00000208       0x30 MCAL/GPIO/GPIO.o
 .debug_ranges  0x00000238       0x48 MCAL/TIMER0/TIMER0.o

.debug_macro
 *(.debug_macro)
OUTPUT(AMIT_LEARNING.elf elf32-avr)
LOAD linker stubs
