Archive member included to satisfy reference by file (symbol)

c:/program files (x86)/atmel/studio/7.0/toolchain/avr8/avr8-gnu-toolchain/bin/../lib/gcc/avr/5.4.0/avr5\libgcc.a(_exit.o)
                              C:/Program Files (x86)/Atmel/Studio/7.0/Packs/atmel/ATmega_DFP/1.2.209/gcc/dev/atmega32/avr5/crtatmega32.o (exit)
c:/program files (x86)/atmel/studio/7.0/toolchain/avr8/avr8-gnu-toolchain/bin/../lib/gcc/avr/5.4.0/avr5\libgcc.a(_clear_bss.o)
                              MCAL/TIMER0/TIMER0.o (__do_clear_bss)

Discarded input sections

 .data          0x00000000        0x0 C:/Program Files (x86)/Atmel/Studio/7.0/Packs/atmel/ATmega_DFP/1.2.209/gcc/dev/atmega32/avr5/crtatmega32.o
 .bss           0x00000000        0x0 C:/Program Files (x86)/Atmel/Studio/7.0/Packs/atmel/ATmega_DFP/1.2.209/gcc/dev/atmega32/avr5/crtatmega32.o
 .text          0x00000000        0x0 APP/BUZZER_ONEBUTTON_ONOFF/BUZZER_ONEBUTTON_ONOFF.o
 .data          0x00000000        0x0 APP/BUZZER_ONEBUTTON_ONOFF/BUZZER_ONEBUTTON_ONOFF.o
 .bss           0x00000000        0x0 APP/BUZZER_ONEBUTTON_ONOFF/BUZZER_ONEBUTTON_ONOFF.o
 .text.BUZZER_ONEBUTTON_ONOFF
                0x00000000       0x3a APP/BUZZER_ONEBUTTON_ONOFF/BUZZER_ONEBUTTON_ONOFF.o
 .debug_info    0x00000000      0x107 APP/BUZZER_ONEBUTTON_ONOFF/BUZZER_ONEBUTTON_ONOFF.o
 .debug_abbrev  0x00000000       0xa9 APP/BUZZER_ONEBUTTON_ONOFF/BUZZER_ONEBUTTON_ONOFF.o
 .debug_loc     0x00000000       0x8e APP/BUZZER_ONEBUTTON_ONOFF/BUZZER_ONEBUTTON_ONOFF.o
 .debug_aranges
                0x00000000       0x20 APP/BUZZER_ONEBUTTON_ONOFF/BUZZER_ONEBUTTON_ONOFF.o
 .debug_ranges  0x00000000       0x10 APP/BUZZER_ONEBUTTON_ONOFF/BUZZER_ONEBUTTON_ONOFF.o
 .debug_line    0x00000000       0xb5 APP/BUZZER_ONEBUTTON_ONOFF/BUZZER_ONEBUTTON_ONOFF.o
 .debug_str     0x00000000      0x1e7 APP/BUZZER_ONEBUTTON_ONOFF/BUZZER_ONEBUTTON_ONOFF.o
 .comment       0x00000000       0x31 APP/BUZZER_ONEBUTTON_ONOFF/BUZZER_ONEBUTTON_ONOFF.o
 .debug_frame   0x00000000       0x34 APP/BUZZER_ONEBUTTON_ONOFF/BUZZER_ONEBUTTON_ONOFF.o
 .text          0x00000000        0x0 HAL/AMIT_7_SEGMENT.o
 .data          0x00000000        0x0 HAL/AMIT_7_SEGMENT.o
 .bss           0x00000000        0x0 HAL/AMIT_7_SEGMENT.o
 .text.SEGMENT_DISPLAY_NUM
                0x00000000       0xc2 HAL/AMIT_7_SEGMENT.o
 .debug_info    0x00000000      0x28e HAL/AMIT_7_SEGMENT.o
 .debug_abbrev  0x00000000       0x8b HAL/AMIT_7_SEGMENT.o
 .debug_loc     0x00000000       0x65 HAL/AMIT_7_SEGMENT.o
 .debug_aranges
                0x00000000       0x20 HAL/AMIT_7_SEGMENT.o
 .debug_ranges  0x00000000       0x10 HAL/AMIT_7_SEGMENT.o
 .debug_line    0x00000000       0xb1 HAL/AMIT_7_SEGMENT.o
 .debug_str     0x00000000      0x1a5 HAL/AMIT_7_SEGMENT.o
 .comment       0x00000000       0x31 HAL/AMIT_7_SEGMENT.o
 .debug_frame   0x00000000       0x30 HAL/AMIT_7_SEGMENT.o
 .text          0x00000000        0x0 HAL/AMIT_BUTTON.o
 .data          0x00000000        0x0 HAL/AMIT_BUTTON.o
 .bss           0x00000000        0x0 HAL/AMIT_BUTTON.o
 .text.READ_BUTTON
                0x00000000       0xbe HAL/AMIT_BUTTON.o
 .debug_info    0x00000000      0x1c7 HAL/AMIT_BUTTON.o
 .debug_abbrev  0x00000000       0xb2 HAL/AMIT_BUTTON.o
 .debug_loc     0x00000000      0x1c3 HAL/AMIT_BUTTON.o
 .debug_aranges
                0x00000000       0x20 HAL/AMIT_BUTTON.o
 .debug_ranges  0x00000000       0x10 HAL/AMIT_BUTTON.o
 .debug_line    0x00000000       0xd4 HAL/AMIT_BUTTON.o
 .debug_str     0x00000000      0x1c3 HAL/AMIT_BUTTON.o
 .comment       0x00000000       0x31 HAL/AMIT_BUTTON.o
 .debug_frame   0x00000000       0x44 HAL/AMIT_BUTTON.o
 .text          0x00000000        0x0 HAL/AMIT_BUZZER.o
 .data          0x00000000        0x0 HAL/AMIT_BUZZER.o
 .bss           0x00000000        0x0 HAL/AMIT_BUZZER.o
 .text.BUZZ_ON  0x00000000       0x1e HAL/AMIT_BUZZER.o
 .text.BUZZ_OFF
                0x00000000       0x1e HAL/AMIT_BUZZER.o
 .debug_info    0x00000000      0x148 HAL/AMIT_BUZZER.o
 .debug_abbrev  0x00000000       0x7a HAL/AMIT_BUZZER.o
 .debug_aranges
                0x00000000       0x28 HAL/AMIT_BUZZER.o
 .debug_ranges  0x00000000       0x18 HAL/AMIT_BUZZER.o
 .debug_line    0x00000000       0x82 HAL/AMIT_BUZZER.o
 .debug_str     0x00000000      0x19f HAL/AMIT_BUZZER.o
 .comment       0x00000000       0x31 HAL/AMIT_BUZZER.o
 .debug_frame   0x00000000       0x34 HAL/AMIT_BUZZER.o
 .text          0x00000000        0x0 HAL/AMIT_LED.o
 .data          0x00000000        0x0 HAL/AMIT_LED.o
 .bss           0x00000000        0x0 HAL/AMIT_LED.o
 .text.Led_Toggle
                0x00000000       0x5c HAL/AMIT_LED.o
 .text          0x00000000        0x0 main.o
 .data          0x00000000        0x0 main.o
 .bss           0x00000000        0x0 main.o
 .text          0x00000000        0x0 MCAL/DIO/PORT_DIO.o
 .data          0x00000000        0x0 MCAL/DIO/PORT_DIO.o
 .bss           0x00000000        0x0 MCAL/DIO/PORT_DIO.o
 .text.DIO_pinIN
                0x00000000       0x30 MCAL/DIO/PORT_DIO.o
 .text.DIO_pinTOGGLE
                0x00000000       0x1e MCAL/DIO/PORT_DIO.o
 .text.DIO_pinREAD
                0x00000000       0x20 MCAL/DIO/PORT_DIO.o
 .text          0x00000000        0x0 MCAL/TIMER0/TIMER0.o
 .data          0x00000000        0x0 MCAL/TIMER0/TIMER0.o
 .bss           0x00000000        0x0 MCAL/TIMER0/TIMER0.o
 .text          0x00000000        0x0 c:/program files (x86)/atmel/studio/7.0/toolchain/avr8/avr8-gnu-toolchain/bin/../lib/gcc/avr/5.4.0/avr5\libgcc.a(_exit.o)
 .data          0x00000000        0x0 c:/program files (x86)/atmel/studio/7.0/toolchain/avr8/avr8-gnu-toolchain/bin/../lib/gcc/avr/5.4.0/avr5\libgcc.a(_exit.o)
 .bss           0x00000000        0x0 c:/program files (x86)/atmel/studio/7.0/toolchain/avr8/avr8-gnu-toolchain/bin/../lib/gcc/avr/5.4.0/avr5\libgcc.a(_exit.o)
 .text.libgcc.mul
                0x00000000        0x0 c:/program files (x86)/atmel/studio/7.0/toolchain/avr8/avr8-gnu-toolchain/bin/../lib/gcc/avr/5.4.0/avr5\libgcc.a(_exit.o)
 .text.libgcc.div
                0x00000000        0x0 c:/program files (x86)/atmel/studio/7.0/toolchain/avr8/avr8-gnu-toolchain/bin/../lib/gcc/avr/5.4.0/avr5\libgcc.a(_exit.o)
 .text.libgcc   0x00000000        0x0 c:/program files (x86)/atmel/studio/7.0/toolchain/avr8/avr8-gnu-toolchain/bin/../lib/gcc/avr/5.4.0/avr5\libgcc.a(_exit.o)
 .text.libgcc.prologue
                0x00000000        0x0 c:/program files (x86)/atmel/studio/7.0/toolchain/avr8/avr8-gnu-toolchain/bin/../lib/gcc/avr/5.4.0/avr5\libgcc.a(_exit.o)
 .text.libgcc.builtins
                0x00000000        0x0 c:/program files (x86)/atmel/studio/7.0/toolchain/avr8/avr8-gnu-toolchain/bin/../lib/gcc/avr/5.4.0/avr5\libgcc.a(_exit.o)
 .text.libgcc.fmul
                0x00000000        0x0 c:/program files (x86)/atmel/studio/7.0/toolchain/avr8/avr8-gnu-toolchain/bin/../lib/gcc/avr/5.4.0/avr5\libgcc.a(_exit.o)
 .text.libgcc.fixed
                0x00000000        0x0 c:/program files (x86)/atmel/studio/7.0/toolchain/avr8/avr8-gnu-toolchain/bin/../lib/gcc/avr/5.4.0/avr5\libgcc.a(_exit.o)
 .text          0x00000000        0x0 c:/program files (x86)/atmel/studio/7.0/toolchain/avr8/avr8-gnu-toolchain/bin/../lib/gcc/avr/5.4.0/avr5\libgcc.a(_clear_bss.o)
 .data          0x00000000        0x0 c:/program files (x86)/atmel/studio/7.0/toolchain/avr8/avr8-gnu-toolchain/bin/../lib/gcc/avr/5.4.0/avr5\libgcc.a(_clear_bss.o)
 .bss           0x00000000        0x0 c:/program files (x86)/atmel/studio/7.0/toolchain/avr8/avr8-gnu-toolchain/bin/../lib/gcc/avr/5.4.0/avr5\libgcc.a(_clear_bss.o)
 .text.libgcc.mul
                0x00000000        0x0 c:/program files (x86)/atmel/studio/7.0/toolchain/avr8/avr8-gnu-toolchain/bin/../lib/gcc/avr/5.4.0/avr5\libgcc.a(_clear_bss.o)
 .text.libgcc.div
                0x00000000        0x0 c:/program files (x86)/atmel/studio/7.0/toolchain/avr8/avr8-gnu-toolchain/bin/../lib/gcc/avr/5.4.0/avr5\libgcc.a(_clear_bss.o)
 .text.libgcc   0x00000000        0x0 c:/program files (x86)/atmel/studio/7.0/toolchain/avr8/avr8-gnu-toolchain/bin/../lib/gcc/avr/5.4.0/avr5\libgcc.a(_clear_bss.o)
 .text.libgcc.prologue
                0x00000000        0x0 c:/program files (x86)/atmel/studio/7.0/toolchain/avr8/avr8-gnu-toolchain/bin/../lib/gcc/avr/5.4.0/avr5\libgcc.a(_clear_bss.o)
 .text.libgcc.builtins
                0x00000000        0x0 c:/program files (x86)/atmel/studio/7.0/toolchain/avr8/avr8-gnu-toolchain/bin/../lib/gcc/avr/5.4.0/avr5\libgcc.a(_clear_bss.o)
 .text.libgcc.fmul
                0x00000000        0x0 c:/program files (x86)/atmel/studio/7.0/toolchain/avr8/avr8-gnu-toolchain/bin/../lib/gcc/avr/5.4.0/avr5\libgcc.a(_clear_bss.o)
 .text.libgcc.fixed
                0x00000000        0x0 c:/program files (x86)/atmel/studio/7.0/toolchain/avr8/avr8-gnu-toolchain/bin/../lib/gcc/avr/5.4.0/avr5\libgcc.a(_clear_bss.o)

Memory Configuration

Name             Origin             Length             Attributes
text             0x00000000         0x00020000         xr
data             0x00800060         0x0000ffa0         rw !x
eeprom           0x00810000         0x00010000         rw !x
fuse             0x00820000         0x00000002         rw !x
lock             0x00830000         0x00000400         rw !x
signature        0x00840000         0x00000400         rw !x
user_signatures  0x00850000         0x00000400         rw !x
*default*        0x00000000         0xffffffff

Linker script and memory map

LOAD C:/Program Files (x86)/Atmel/Studio/7.0/Packs/atmel/ATmega_DFP/1.2.209/gcc/dev/atmega32/avr5/crtatmega32.o
LOAD APP/BUZZER_ONEBUTTON_ONOFF/BUZZER_ONEBUTTON_ONOFF.o
LOAD HAL/AMIT_7_SEGMENT.o
LOAD HAL/AMIT_BUTTON.o
LOAD HAL/AMIT_BUZZER.o
LOAD HAL/AMIT_LED.o
LOAD main.o
LOAD MCAL/DIO/PORT_DIO.o
LOAD MCAL/TIMER0/TIMER0.o
START GROUP
LOAD c:/program files (x86)/atmel/studio/7.0/toolchain/avr8/avr8-gnu-toolchain/bin/../lib/gcc/avr/5.4.0/../../../../avr/lib/avr5\libm.a
END GROUP
START GROUP
LOAD c:/program files (x86)/atmel/studio/7.0/toolchain/avr8/avr8-gnu-toolchain/bin/../lib/gcc/avr/5.4.0/avr5\libgcc.a
LOAD c:/program files (x86)/atmel/studio/7.0/toolchain/avr8/avr8-gnu-toolchain/bin/../lib/gcc/avr/5.4.0/../../../../avr/lib/avr5\libm.a
LOAD c:/program files (x86)/atmel/studio/7.0/toolchain/avr8/avr8-gnu-toolchain/bin/../lib/gcc/avr/5.4.0/../../../../avr/lib/avr5\libc.a
LOAD C:/Program Files (x86)/Atmel/Studio/7.0/Packs/atmel/ATmega_DFP/1.2.209/gcc/dev/atmega32/avr5\libatmega32.a
END GROUP
                0x00020000                __TEXT_REGION_LENGTH__ = DEFINED (__TEXT_REGION_LENGTH__)?__TEXT_REGION_LENGTH__:0x20000
                0x0000ffa0                __DATA_REGION_LENGTH__ = DEFINED (__DATA_REGION_LENGTH__)?__DATA_REGION_LENGTH__:0xffa0
                0x00010000                __EEPROM_REGION_LENGTH__ = DEFINED (__EEPROM_REGION_LENGTH__)?__EEPROM_REGION_LENGTH__:0x10000
                [0x00000002]                __FUSE_REGION_LENGTH__ = DEFINED (__FUSE_REGION_LENGTH__)?__FUSE_REGION_LENGTH__:0x400
                0x00000400                __LOCK_REGION_LENGTH__ = DEFINED (__LOCK_REGION_LENGTH__)?__LOCK_REGION_LENGTH__:0x400
                0x00000400                __SIGNATURE_REGION_LENGTH__ = DEFINED (__SIGNATURE_REGION_LENGTH__)?__SIGNATURE_REGION_LENGTH__:0x400
                0x00000400                __USER_SIGNATURE_REGION_LENGTH__ = DEFINED (__USER_SIGNATURE_REGION_LENGTH__)?__USER_SIGNATURE_REGION_LENGTH__:0x400

.hash
 *(.hash)

.dynsym
 *(.dynsym)

.dynstr
 *(.dynstr)

.gnu.version
 *(.gnu.version)

.gnu.version_d
 *(.gnu.version_d)

.gnu.version_r
 *(.gnu.version_r)

.rel.init
 *(.rel.init)

.rela.init
 *(.rela.init)

.rel.text
 *(.rel.text)
 *(.rel.text.*)
 *(.rel.gnu.linkonce.t*)

.rela.text
 *(.rela.text)
 *(.rela.text.*)
 *(.rela.gnu.linkonce.t*)

.rel.fini
 *(.rel.fini)

.rela.fini
 *(.rela.fini)

.rel.rodata
 *(.rel.rodata)
 *(.rel.rodata.*)
 *(.rel.gnu.linkonce.r*)

.rela.rodata
 *(.rela.rodata)
 *(.rela.rodata.*)
 *(.rela.gnu.linkonce.r*)

.rel.data
 *(.rel.data)
 *(.rel.data.*)
 *(.rel.gnu.linkonce.d*)

.rela.data
 *(.rela.data)
 *(.rela.data.*)
 *(.rela.gnu.linkonce.d*)

.rel.ctors
 *(.rel.ctors)

.rela.ctors
 *(.rela.ctors)

.rel.dtors
 *(.rel.dtors)

.rela.dtors
 *(.rela.dtors)

.rel.got
 *(.rel.got)

.rela.got
 *(.rela.got)

.rel.bss
 *(.rel.bss)

.rela.bss
 *(.rela.bss)

.rel.plt
 *(.rel.plt)

.rela.plt
 *(.rela.plt)

.text           0x00000000      0x242
 *(.vectors)
 .vectors       0x00000000       0x54 C:/Program Files (x86)/Atmel/Studio/7.0/Packs/atmel/ATmega_DFP/1.2.209/gcc/dev/atmega32/avr5/crtatmega32.o
                0x00000000                __vector_default
                0x00000000                __vectors
 *(.vectors)
 *(.progmem.gcc*)
                0x00000054                . = ALIGN (0x2)
                0x00000054                __trampolines_start = .
 *(.trampolines)
 .trampolines   0x00000054        0x0 linker stubs
 *(.trampolines*)
                0x00000054                __trampolines_end = .
 *libprintf_flt.a:*(.progmem.data)
 *libc.a:*(.progmem.data)
 *(.progmem*)
                0x00000054                . = ALIGN (0x2)
 *(.jumptables)
 *(.jumptables*)
 *(.lowtext)
 *(.lowtext*)
                0x00000054                __ctors_start = .
 *(.ctors)
                0x00000054                __ctors_end = .
                0x00000054                __dtors_start = .
 *(.dtors)
                0x00000054                __dtors_end = .
 SORT(*)(.ctors)
 SORT(*)(.dtors)
 *(.init0)
 .init0         0x00000054        0x0 C:/Program Files (x86)/Atmel/Studio/7.0/Packs/atmel/ATmega_DFP/1.2.209/gcc/dev/atmega32/avr5/crtatmega32.o
                0x00000054                __init
 *(.init0)
 *(.init1)
 *(.init1)
 *(.init2)
 .init2         0x00000054        0xc C:/Program Files (x86)/Atmel/Studio/7.0/Packs/atmel/ATmega_DFP/1.2.209/gcc/dev/atmega32/avr5/crtatmega32.o
 *(.init2)
 *(.init3)
 *(.init3)
 *(.init4)
 .init4         0x00000060       0x10 c:/program files (x86)/atmel/studio/7.0/toolchain/avr8/avr8-gnu-toolchain/bin/../lib/gcc/avr/5.4.0/avr5\libgcc.a(_clear_bss.o)
                0x00000060                __do_clear_bss
 *(.init4)
 *(.init5)
 *(.init5)
 *(.init6)
 *(.init6)
 *(.init7)
 *(.init7)
 *(.init8)
 *(.init8)
 *(.init9)
 .init9         0x00000070        0x8 C:/Program Files (x86)/Atmel/Studio/7.0/Packs/atmel/ATmega_DFP/1.2.209/gcc/dev/atmega32/avr5/crtatmega32.o
 *(.init9)
 *(.text)
 .text          0x00000078        0x4 C:/Program Files (x86)/Atmel/Studio/7.0/Packs/atmel/ATmega_DFP/1.2.209/gcc/dev/atmega32/avr5/crtatmega32.o
                0x00000078                __vector_1
                0x00000078                __vector_12
                0x00000078                __bad_interrupt
                0x00000078                __vector_6
                0x00000078                __vector_3
                0x00000078                __vector_13
                0x00000078                __vector_17
                0x00000078                __vector_19
                0x00000078                __vector_7
                0x00000078                __vector_5
                0x00000078                __vector_4
                0x00000078                __vector_9
                0x00000078                __vector_2
                0x00000078                __vector_15
                0x00000078                __vector_8
                0x00000078                __vector_14
                0x00000078                __vector_10
                0x00000078                __vector_16
                0x00000078                __vector_18
                0x00000078                __vector_20
                0x0000007c                . = ALIGN (0x2)
 *(.text.*)
 .text.Led_ON   0x0000007c       0x68 HAL/AMIT_LED.o
                0x0000007c                Led_ON
 .text.Led_OFF  0x000000e4       0x68 HAL/AMIT_LED.o
                0x000000e4                Led_OFF
 .text.main     0x0000014c       0x22 main.o
                0x0000014c                main
 .text.DIO_pinOUT
                0x0000016e       0x1e MCAL/DIO/PORT_DIO.o
                0x0000016e                DIO_pinOUT
 .text.DIO_pinWRITE
                0x0000018c       0x44 MCAL/DIO/PORT_DIO.o
                0x0000018c                DIO_pinWRITE
 .text.T0_Delay_ms
                0x000001d0       0x40 MCAL/TIMER0/TIMER0.o
                0x000001d0                T0_Delay_ms
 .text.__vector_11
                0x00000210       0x2e MCAL/TIMER0/TIMER0.o
                0x00000210                __vector_11
                0x0000023e                . = ALIGN (0x2)
 *(.fini9)
 .fini9         0x0000023e        0x0 c:/program files (x86)/atmel/studio/7.0/toolchain/avr8/avr8-gnu-toolchain/bin/../lib/gcc/avr/5.4.0/avr5\libgcc.a(_exit.o)
                0x0000023e                _exit
                0x0000023e                exit
 *(.fini9)
 *(.fini8)
 *(.fini8)
 *(.fini7)
 *(.fini7)
 *(.fini6)
 *(.fini6)
 *(.fini5)
 *(.fini5)
 *(.fini4)
 *(.fini4)
 *(.fini3)
 *(.fini3)
 *(.fini2)
 *(.fini2)
 *(.fini1)
 *(.fini1)
 *(.fini0)
 .fini0         0x0000023e        0x4 c:/program files (x86)/atmel/studio/7.0/toolchain/avr8/avr8-gnu-toolchain/bin/../lib/gcc/avr/5.4.0/avr5\libgcc.a(_exit.o)
 *(.fini0)
                0x00000242                _etext = .

.data           0x00800060        0x0 load address 0x00000242
                [!provide]                PROVIDE (__data_start, .)
 *(.data)
 *(.data*)
 *(.gnu.linkonce.d*)
 *(.rodata)
 *(.rodata*)
 *(.gnu.linkonce.r*)
                0x00800060                . = ALIGN (0x2)
                0x00800060                _edata = .
                [!provide]                PROVIDE (__data_end, .)

.bss            0x00800060        0x1
                0x00800060                PROVIDE (__bss_start, .)
 *(.bss)
 *(.bss*)
 .bss.gu8_msFlag
                0x00800060        0x1 MCAL/TIMER0/TIMER0.o
 *(COMMON)
                0x00800061                PROVIDE (__bss_end, .)
                0x00000242                __data_load_start = LOADADDR (.data)
                0x00000242                __data_load_end = (__data_load_start + SIZEOF (.data))

.noinit         0x00800061        0x0
                [!provide]                PROVIDE (__noinit_start, .)
 *(.noinit*)
                [!provide]                PROVIDE (__noinit_end, .)
                0x00800061                _end = .
                [!provide]                PROVIDE (__heap_start, .)

.eeprom         0x00810000        0x0
 *(.eeprom*)
                0x00810000                __eeprom_end = .

.fuse
 *(.fuse)
 *(.lfuse)
 *(.hfuse)
 *(.efuse)

.lock
 *(.lock*)

.signature
 *(.signature*)

.user_signatures
 *(.user_signatures*)

.stab
 *(.stab)

.stabstr
 *(.stabstr)

.stab.excl
 *(.stab.excl)

.stab.exclstr
 *(.stab.exclstr)

.stab.index
 *(.stab.index)

.stab.indexstr
 *(.stab.indexstr)

.comment        0x00000000       0x30
 *(.comment)
 .comment       0x00000000       0x30 HAL/AMIT_LED.o
                                 0x31 (size before relaxing)
 .comment       0x00000030       0x31 main.o
 .comment       0x00000030       0x31 MCAL/DIO/PORT_DIO.o
 .comment       0x00000030       0x31 MCAL/TIMER0/TIMER0.o

.note.gnu.avr.deviceinfo
                0x00000000       0x3c
 .note.gnu.avr.deviceinfo
                0x00000000       0x3c C:/Program Files (x86)/Atmel/Studio/7.0/Packs/atmel/ATmega_DFP/1.2.209/gcc/dev/atmega32/avr5/crtatmega32.o

.note.gnu.build-id
 *(.note.gnu.build-id)

.debug
 *(.debug)

.line
 *(.line)

.debug_srcinfo
 *(.debug_srcinfo)

.debug_sfnames
 *(.debug_sfnames)

.debug_aranges  0x00000000       0xb8
 *(.debug_aranges)
 .debug_aranges
                0x00000000       0x30 HAL/AMIT_LED.o
 .debug_aranges
                0x00000030       0x20 main.o
 .debug_aranges
                0x00000050       0x40 MCAL/DIO/PORT_DIO.o
 .debug_aranges
                0x00000090       0x28 MCAL/TIMER0/TIMER0.o

.debug_pubnames
 *(.debug_pubnames)

.debug_info     0x00000000      0xc00
 *(.debug_info .gnu.linkonce.wi.*)
 .debug_info    0x00000000      0x4e6 C:/Program Files (x86)/Atmel/Studio/7.0/Packs/atmel/ATmega_DFP/1.2.209/gcc/dev/atmega32/avr5/crtatmega32.o
 .debug_info    0x000004e6      0x3ad HAL/AMIT_LED.o
 .debug_info    0x00000893      0x109 main.o
 .debug_info    0x0000099c      0x1be MCAL/DIO/PORT_DIO.o
 .debug_info    0x00000b5a       0xa6 MCAL/TIMER0/TIMER0.o

.debug_abbrev   0x00000000      0x6b2
 *(.debug_abbrev)
 .debug_abbrev  0x00000000      0x4a3 C:/Program Files (x86)/Atmel/Studio/7.0/Packs/atmel/ATmega_DFP/1.2.209/gcc/dev/atmega32/avr5/crtatmega32.o
 .debug_abbrev  0x000004a3       0x8b HAL/AMIT_LED.o
 .debug_abbrev  0x0000052e       0x81 main.o
 .debug_abbrev  0x000005af       0x6d MCAL/DIO/PORT_DIO.o
 .debug_abbrev  0x0000061c       0x96 MCAL/TIMER0/TIMER0.o

.debug_line     0x00000000      0x420
 *(.debug_line .debug_line.* .debug_line_end)
 .debug_line    0x00000000      0x115 C:/Program Files (x86)/Atmel/Studio/7.0/Packs/atmel/ATmega_DFP/1.2.209/gcc/dev/atmega32/avr5/crtatmega32.o
 .debug_line    0x00000115      0x11b HAL/AMIT_LED.o
 .debug_line    0x00000230       0x95 main.o
 .debug_line    0x000002c5       0xb4 MCAL/DIO/PORT_DIO.o
 .debug_line    0x00000379       0xa7 MCAL/TIMER0/TIMER0.o

.debug_frame    0x00000000      0x114
 *(.debug_frame)
 .debug_frame   0x00000000       0x44 HAL/AMIT_LED.o
 .debug_frame   0x00000044       0x24 main.o
 .debug_frame   0x00000068       0x64 MCAL/DIO/PORT_DIO.o
 .debug_frame   0x000000cc       0x48 MCAL/TIMER0/TIMER0.o

.debug_str      0x00000000      0x3c9
 *(.debug_str)
 .debug_str     0x00000000      0x196 C:/Program Files (x86)/Atmel/Studio/7.0/Packs/atmel/ATmega_DFP/1.2.209/gcc/dev/atmega32/avr5/crtatmega32.o
 .debug_str     0x00000196      0x186 HAL/AMIT_LED.o
                                0x1ba (size before relaxing)
 .debug_str     0x0000031c       0x1d main.o
                                0x18d (size before relaxing)
 .debug_str     0x00000339       0x4f MCAL/DIO/PORT_DIO.o
                                0x1dc (size before relaxing)
 .debug_str     0x00000388       0x41 MCAL/TIMER0/TIMER0.o
                                0x162 (size before relaxing)

.debug_loc      0x00000000      0x239
 *(.debug_loc)
 .debug_loc     0x00000000      0x126 HAL/AMIT_LED.o
 .debug_loc     0x00000126       0xa2 MCAL/DIO/PORT_DIO.o
 .debug_loc     0x000001c8       0x71 MCAL/TIMER0/TIMER0.o

.debug_macinfo
 *(.debug_macinfo)

.debug_weaknames
 *(.debug_weaknames)

.debug_funcnames
 *(.debug_funcnames)

.debug_typenames
 *(.debug_typenames)

.debug_varnames
 *(.debug_varnames)

.debug_pubtypes
 *(.debug_pubtypes)

.debug_ranges   0x00000000       0x78
 *(.debug_ranges)
 .debug_ranges  0x00000000       0x20 HAL/AMIT_LED.o
 .debug_ranges  0x00000020       0x10 main.o
 .debug_ranges  0x00000030       0x30 MCAL/DIO/PORT_DIO.o
 .debug_ranges  0x00000060       0x18 MCAL/TIMER0/TIMER0.o

.debug_macro
 *(.debug_macro)
OUTPUT(AMIT_INTERFACING.elf elf32-avr)
LOAD linker stubs
