Archive member included to satisfy reference by file (symbol)

c:/program files (x86)/atmel/studio/7.0/toolchain/avr8/avr8-gnu-toolchain/bin/../lib/gcc/avr/5.4.0/avr5\libgcc.a(_udivmodsi4.o)
                              APP/KIT_TEST/LCD_TEST.o (__udivmodsi4)
c:/program files (x86)/atmel/studio/7.0/toolchain/avr8/avr8-gnu-toolchain/bin/../lib/gcc/avr/5.4.0/avr5\libgcc.a(_exit.o)
                              C:/Program Files (x86)/Atmel/Studio/7.0/Packs/atmel/ATmega_DFP/1.2.209/gcc/dev/atmega32/avr5/crtatmega32.o (exit)
c:/program files (x86)/atmel/studio/7.0/toolchain/avr8/avr8-gnu-toolchain/bin/../lib/gcc/avr/5.4.0/avr5\libgcc.a(_copy_data.o)
                              APP/BLUETOOTH_CONTROL/Elkady_BLUETOOTH.o (__do_copy_data)
c:/program files (x86)/atmel/studio/7.0/toolchain/avr8/avr8-gnu-toolchain/bin/../lib/gcc/avr/5.4.0/avr5\libgcc.a(_clear_bss.o)
                              APP/BLUETOOTH_CONTROL/Elkady_BLUETOOTH.o (__do_clear_bss)
c:/program files (x86)/atmel/studio/7.0/toolchain/avr8/avr8-gnu-toolchain/bin/../lib/gcc/avr/5.4.0/avr5\libgcc.a(_umulhisi3.o)
                              MCAL/ADC/ADC.o (__umulhisi3)
c:/program files (x86)/atmel/studio/7.0/toolchain/avr8/avr8-gnu-toolchain/bin/../lib/gcc/avr/5.4.0/avr5\libgcc.a(_muluhisi3.o)
                              APP/KIT_TEST/LCD_TEST.o (__muluhisi3)

Discarded input sections

 .data          0x00000000        0x0 C:/Program Files (x86)/Atmel/Studio/7.0/Packs/atmel/ATmega_DFP/1.2.209/gcc/dev/atmega32/avr5/crtatmega32.o
 .bss           0x00000000        0x0 C:/Program Files (x86)/Atmel/Studio/7.0/Packs/atmel/ATmega_DFP/1.2.209/gcc/dev/atmega32/avr5/crtatmega32.o
 .text          0x00000000        0x0 APP/BLUETOOTH_CONTROL/Elkady_BLUETOOTH.o
 .data          0x00000000        0x0 APP/BLUETOOTH_CONTROL/Elkady_BLUETOOTH.o
 .bss           0x00000000        0x0 APP/BLUETOOTH_CONTROL/Elkady_BLUETOOTH.o
 .text.STRING_COMPARE
                0x00000000       0x3a APP/BLUETOOTH_CONTROL/Elkady_BLUETOOTH.o
 .rodata.str1.1
                0x00000000      0x1f7 APP/BLUETOOTH_CONTROL/Elkady_BLUETOOTH.o
 .text.BT_TEST_LEDS
                0x00000000       0x24 APP/BLUETOOTH_CONTROL/Elkady_BLUETOOTH.o
 .text.BT_TEST_BUZZER
                0x00000000       0x24 APP/BLUETOOTH_CONTROL/Elkady_BLUETOOTH.o
 .text.BT_TEST_RELAY
                0x00000000       0x24 APP/BLUETOOTH_CONTROL/Elkady_BLUETOOTH.o
 .text.BT_TEST_ADC
                0x00000000       0xdc APP/BLUETOOTH_CONTROL/Elkady_BLUETOOTH.o
 .text.BT_TEST_PWM
                0x00000000       0xd4 APP/BLUETOOTH_CONTROL/Elkady_BLUETOOTH.o
 .text.BT_CHECK_FOR_LED1_OFF_COMMAND
                0x00000000       0x24 APP/BLUETOOTH_CONTROL/Elkady_BLUETOOTH.o
 .text.BT_CHECK_FOR_LED2_ON_COMMAND
                0x00000000       0x26 APP/BLUETOOTH_CONTROL/Elkady_BLUETOOTH.o
 .text.BT_CHECK_FOR_LED2_OFF_COMMAND
                0x00000000       0x26 APP/BLUETOOTH_CONTROL/Elkady_BLUETOOTH.o
 .text.BT_CHECK_FOR_LED3_ON_COMMAND
                0x00000000       0x26 APP/BLUETOOTH_CONTROL/Elkady_BLUETOOTH.o
 .text.BT_CHECK_FOR_LED3_OFF_COMMAND
                0x00000000       0x26 APP/BLUETOOTH_CONTROL/Elkady_BLUETOOTH.o
 .text.BT_CHECK_FOR_BUZZER_ON_COMMAND
                0x00000000       0x24 APP/BLUETOOTH_CONTROL/Elkady_BLUETOOTH.o
 .text.BT_CHECK_FOR_BUZZER_OFF_COMMAND
                0x00000000       0x24 APP/BLUETOOTH_CONTROL/Elkady_BLUETOOTH.o
 .text.BT_CHECK_FOR_RELAY_ON_COMMAND
                0x00000000       0x24 APP/BLUETOOTH_CONTROL/Elkady_BLUETOOTH.o
 .text.BT_CHECK_FOR_RELAY_OFF_COMMAND
                0x00000000       0x24 APP/BLUETOOTH_CONTROL/Elkady_BLUETOOTH.o
 .text.BT_CHECK_FOR_ADC_TEST_COMMAND
                0x00000000       0x24 APP/BLUETOOTH_CONTROL/Elkady_BLUETOOTH.o
 .text.BT_CHECK_FOR_PWM_TEST_COMMAND
                0x00000000       0x24 APP/BLUETOOTH_CONTROL/Elkady_BLUETOOTH.o
 .text.BT_CHECK_FOR_EXIT_COMMAND
                0x00000000       0x2a APP/BLUETOOTH_CONTROL/Elkady_BLUETOOTH.o
 .text.BT_KHOSTIKA
                0x00000000       0xb8 APP/BLUETOOTH_CONTROL/Elkady_BLUETOOTH.o
 .text.BT_CHECK_FOR_LED1_ON_COMMAND
                0x00000000       0x90 APP/BLUETOOTH_CONTROL/Elkady_BLUETOOTH.o
 .text.BT_FREE_MODE
                0x00000000       0xa2 APP/BLUETOOTH_CONTROL/Elkady_BLUETOOTH.o
 .text.BT_TEST  0x00000000       0xc0 APP/BLUETOOTH_CONTROL/Elkady_BLUETOOTH.o
 .bss.u8KHOSTIKA
                0x00000000        0x1 APP/BLUETOOTH_CONTROL/Elkady_BLUETOOTH.o
 .bss.u8Button2_reading
                0x00000000        0x1 APP/BLUETOOTH_CONTROL/Elkady_BLUETOOTH.o
 .bss.u16ADC1_reading
                0x00000000        0x2 APP/BLUETOOTH_CONTROL/Elkady_BLUETOOTH.o
 .bss.u16ADC0_reading
                0x00000000        0x2 APP/BLUETOOTH_CONTROL/Elkady_BLUETOOTH.o
 .bss.u8Free_mode_end
                0x00000000        0x1 APP/BLUETOOTH_CONTROL/Elkady_BLUETOOTH.o
 .bss.u8End_ADC
                0x00000000        0x1 APP/BLUETOOTH_CONTROL/Elkady_BLUETOOTH.o
 .bss.u8Comparsion_result
                0x00000000        0x1 APP/BLUETOOTH_CONTROL/Elkady_BLUETOOTH.o
 .bss.u8PWM_data
                0x00000000        0x1 APP/BLUETOOTH_CONTROL/Elkady_BLUETOOTH.o
 .bss.u8Data    0x00000000        0x1 APP/BLUETOOTH_CONTROL/Elkady_BLUETOOTH.o
 .data.c8Statement_PALIZ
                0x00000000        0x6 APP/BLUETOOTH_CONTROL/Elkady_BLUETOOTH.o
 .data.c8Statement_EXIT
                0x00000000        0x8 APP/BLUETOOTH_CONTROL/Elkady_BLUETOOTH.o
 .data.c8Statement_PWM_TEST
                0x00000000        0x9 APP/BLUETOOTH_CONTROL/Elkady_BLUETOOTH.o
 .data.c8Statement_ADC_TEST
                0x00000000        0x9 APP/BLUETOOTH_CONTROL/Elkady_BLUETOOTH.o
 .data.c8Statement_RELAY_OFF
                0x00000000        0x8 APP/BLUETOOTH_CONTROL/Elkady_BLUETOOTH.o
 .data.c8Statement_RELAY_ON
                0x00000000        0x8 APP/BLUETOOTH_CONTROL/Elkady_BLUETOOTH.o
 .data.c8Statement_BUZZER_OFF
                0x00000000        0x8 APP/BLUETOOTH_CONTROL/Elkady_BLUETOOTH.o
 .data.c8Statement_BUZZER_ON
                0x00000000        0x8 APP/BLUETOOTH_CONTROL/Elkady_BLUETOOTH.o
 .data.c8Statement_LED3_OFF
                0x00000000        0x8 APP/BLUETOOTH_CONTROL/Elkady_BLUETOOTH.o
 .data.c8Statement_LED3_ON
                0x00000000        0x8 APP/BLUETOOTH_CONTROL/Elkady_BLUETOOTH.o
 .data.c8Statement_LED2_OFF
                0x00000000        0x8 APP/BLUETOOTH_CONTROL/Elkady_BLUETOOTH.o
 .data.c8Statement_LED2_ON
                0x00000000        0x8 APP/BLUETOOTH_CONTROL/Elkady_BLUETOOTH.o
 .data.c8Statement_LED1_OFF
                0x00000000        0x8 APP/BLUETOOTH_CONTROL/Elkady_BLUETOOTH.o
 .data.c8Statement_LED1_ON
                0x00000000        0x8 APP/BLUETOOTH_CONTROL/Elkady_BLUETOOTH.o
 .bss.c8BT_received_data
                0x00000000        0xa APP/BLUETOOTH_CONTROL/Elkady_BLUETOOTH.o
 .bss.u16ADC1_value
                0x00000000        0x8 APP/BLUETOOTH_CONTROL/Elkady_BLUETOOTH.o
 .bss.u16ADC0_value
                0x00000000        0x8 APP/BLUETOOTH_CONTROL/Elkady_BLUETOOTH.o
 .debug_info    0x00000000     0x1467 APP/BLUETOOTH_CONTROL/Elkady_BLUETOOTH.o
 .debug_abbrev  0x00000000      0x1fd APP/BLUETOOTH_CONTROL/Elkady_BLUETOOTH.o
 .debug_loc     0x00000000      0x325 APP/BLUETOOTH_CONTROL/Elkady_BLUETOOTH.o
 .debug_aranges
                0x00000000       0xc8 APP/BLUETOOTH_CONTROL/Elkady_BLUETOOTH.o
 .debug_ranges  0x00000000       0xb8 APP/BLUETOOTH_CONTROL/Elkady_BLUETOOTH.o
 .debug_line    0x00000000      0x811 APP/BLUETOOTH_CONTROL/Elkady_BLUETOOTH.o
 .debug_str     0x00000000      0x77d APP/BLUETOOTH_CONTROL/Elkady_BLUETOOTH.o
 .comment       0x00000000       0x31 APP/BLUETOOTH_CONTROL/Elkady_BLUETOOTH.o
 .debug_frame   0x00000000      0x1a4 APP/BLUETOOTH_CONTROL/Elkady_BLUETOOTH.o
 .text          0x00000000        0x0 APP/GET_INFO/KEYPAD_LCD.o
 .data          0x00000000        0x0 APP/GET_INFO/KEYPAD_LCD.o
 .bss           0x00000000        0x0 APP/GET_INFO/KEYPAD_LCD.o
 .text.GET_KEY_ROW
                0x00000000       0x74 APP/GET_INFO/KEYPAD_LCD.o
 .text.GET_KEY_COLUMN
                0x00000000       0x74 APP/GET_INFO/KEYPAD_LCD.o
 .text.ANALYZE_PRESS
                0x00000000      0x2f0 APP/GET_INFO/KEYPAD_LCD.o
 .rodata.str1.1
                0x00000000       0xc2 APP/GET_INFO/KEYPAD_LCD.o
 .text.SIGN_UP  0x00000000      0x23c APP/GET_INFO/KEYPAD_LCD.o
 .text.COMPARE_LOGIN_INFO
                0x00000000       0xae APP/GET_INFO/KEYPAD_LCD.o
 .text.GET_LOGIN_INFO
                0x00000000      0x1b2 APP/GET_INFO/KEYPAD_LCD.o
 .text.SIGN_UP_OR_IN_PAGE
                0x00000000       0x54 APP/GET_INFO/KEYPAD_LCD.o
 .text.KIT_OR_BT_CONTROL
                0x00000000       0x54 APP/GET_INFO/KEYPAD_LCD.o
 .text.INFO_CONTROL
                0x00000000       0x18 APP/GET_INFO/KEYPAD_LCD.o
 .text.KIT_CONTROL
                0x00000000       0x18 APP/GET_INFO/KEYPAD_LCD.o
 .bss.gu8Row4_reading
                0x00000000        0x1 APP/GET_INFO/KEYPAD_LCD.o
 .bss.gu8Row3_reading
                0x00000000        0x1 APP/GET_INFO/KEYPAD_LCD.o
 .bss.gu8Row2_reading
                0x00000000        0x1 APP/GET_INFO/KEYPAD_LCD.o
 .bss.gu8Row1_reading
                0x00000000        0x1 APP/GET_INFO/KEYPAD_LCD.o
 .bss.gu8Column4_reading
                0x00000000        0x1 APP/GET_INFO/KEYPAD_LCD.o
 .bss.gu8Column3_reading
                0x00000000        0x1 APP/GET_INFO/KEYPAD_LCD.o
 .bss.gu8Column2_reading
                0x00000000        0x1 APP/GET_INFO/KEYPAD_LCD.o
 .bss.gu8Column1_reading
                0x00000000        0x1 APP/GET_INFO/KEYPAD_LCD.o
 .bss.gu8Key8_sequence
                0x00000000        0x1 APP/GET_INFO/KEYPAD_LCD.o
 .bss.gu8Key7_sequence
                0x00000000        0x1 APP/GET_INFO/KEYPAD_LCD.o
 .bss.gu8Key6_sequence
                0x00000000        0x1 APP/GET_INFO/KEYPAD_LCD.o
 .bss.gu8Key5_sequence
                0x00000000        0x1 APP/GET_INFO/KEYPAD_LCD.o
 .bss.gu8Key4_sequence
                0x00000000        0x1 APP/GET_INFO/KEYPAD_LCD.o
 .bss.gu8Key3_sequence
                0x00000000        0x1 APP/GET_INFO/KEYPAD_LCD.o
 .bss.gu8Key2_sequence
                0x00000000        0x1 APP/GET_INFO/KEYPAD_LCD.o
 .bss.gu8Key1_sequence
                0x00000000        0x1 APP/GET_INFO/KEYPAD_LCD.o
 .bss.gu8Entered_character_password
                0x00000000        0x1 APP/GET_INFO/KEYPAD_LCD.o
 .bss.gu8Entered_character_ID
                0x00000000        0x1 APP/GET_INFO/KEYPAD_LCD.o
 .debug_info    0x00000000      0xf51 APP/GET_INFO/KEYPAD_LCD.o
 .debug_abbrev  0x00000000      0x21c APP/GET_INFO/KEYPAD_LCD.o
 .debug_loc     0x00000000      0x7f1 APP/GET_INFO/KEYPAD_LCD.o
 .debug_aranges
                0x00000000       0x68 APP/GET_INFO/KEYPAD_LCD.o
 .debug_ranges  0x00000000       0x58 APP/GET_INFO/KEYPAD_LCD.o
 .debug_line    0x00000000      0xaf2 APP/GET_INFO/KEYPAD_LCD.o
 .debug_str     0x00000000      0x728 APP/GET_INFO/KEYPAD_LCD.o
 .comment       0x00000000       0x31 APP/GET_INFO/KEYPAD_LCD.o
 .debug_frame   0x00000000      0x194 APP/GET_INFO/KEYPAD_LCD.o
 .text          0x00000000        0x0 APP/KIT_TEST/LCD_TEST.o
 .data          0x00000000        0x0 APP/KIT_TEST/LCD_TEST.o
 .bss           0x00000000        0x0 APP/KIT_TEST/LCD_TEST.o
 .rodata.str1.1
                0x00000000       0xa9 APP/KIT_TEST/LCD_TEST.o
 .text.HOME_PAGE
                0x00000000       0x48 APP/KIT_TEST/LCD_TEST.o
 .text.PAGE2    0x00000000       0xb6 APP/KIT_TEST/LCD_TEST.o
 .text.PAGE3    0x00000000       0x84 APP/KIT_TEST/LCD_TEST.o
 .text.PAGE4    0x00000000      0x16e APP/KIT_TEST/LCD_TEST.o
 .text.PAGE5    0x00000000      0x20a APP/KIT_TEST/LCD_TEST.o
 .text.PAGE6    0x00000000      0x182 APP/KIT_TEST/LCD_TEST.o
 .text.LCD_TEST
                0x00000000       0x1a APP/KIT_TEST/LCD_TEST.o
 .bss.gu16ADC1_value
                0x00000000        0x8 APP/KIT_TEST/LCD_TEST.o
 .bss.gu16ADC0_value
                0x00000000        0x8 APP/KIT_TEST/LCD_TEST.o
 .bss.gu8Button2_reading
                0x00000000        0x1 APP/KIT_TEST/LCD_TEST.o
 .bss.gu8Button1_reading
                0x00000000        0x1 APP/KIT_TEST/LCD_TEST.o
 .bss.gu8Button0_reading
                0x00000000        0x1 APP/KIT_TEST/LCD_TEST.o
 .debug_info    0x00000000      0xeaa APP/KIT_TEST/LCD_TEST.o
 .debug_abbrev  0x00000000      0x180 APP/KIT_TEST/LCD_TEST.o
 .debug_loc     0x00000000      0x76f APP/KIT_TEST/LCD_TEST.o
 .debug_aranges
                0x00000000       0x50 APP/KIT_TEST/LCD_TEST.o
 .debug_ranges  0x00000000       0x40 APP/KIT_TEST/LCD_TEST.o
 .debug_line    0x00000000      0x6fe APP/KIT_TEST/LCD_TEST.o
 .debug_str     0x00000000      0x426 APP/KIT_TEST/LCD_TEST.o
 .comment       0x00000000       0x31 APP/KIT_TEST/LCD_TEST.o
 .debug_frame   0x00000000      0x118 APP/KIT_TEST/LCD_TEST.o
 .text          0x00000000        0x0 APP/REGISTERATION/REGISTERATION.o
 .data          0x00000000        0x0 APP/REGISTERATION/REGISTERATION.o
 .bss           0x00000000        0x0 APP/REGISTERATION/REGISTERATION.o
 .debug_line    0x00000000        0x0 APP/REGISTERATION/REGISTERATION.o
 .debug_str     0x00000000      0x12f APP/REGISTERATION/REGISTERATION.o
 .comment       0x00000000       0x31 APP/REGISTERATION/REGISTERATION.o
 .text          0x00000000        0x0 HAL/BUTTON_INTERFACE.o
 .data          0x00000000        0x0 HAL/BUTTON_INTERFACE.o
 .bss           0x00000000        0x0 HAL/BUTTON_INTERFACE.o
 .text.BUTTON0_READ
                0x00000000       0x6e HAL/BUTTON_INTERFACE.o
 .text.BUTTON1_READ
                0x00000000       0x6e HAL/BUTTON_INTERFACE.o
 .text.BUTTON2_READ
                0x00000000       0x6e HAL/BUTTON_INTERFACE.o
 .debug_info    0x00000000      0x26c HAL/BUTTON_INTERFACE.o
 .debug_abbrev  0x00000000       0xbf HAL/BUTTON_INTERFACE.o
 .debug_loc     0x00000000      0x38d HAL/BUTTON_INTERFACE.o
 .debug_aranges
                0x00000000       0x30 HAL/BUTTON_INTERFACE.o
 .debug_ranges  0x00000000       0x20 HAL/BUTTON_INTERFACE.o
 .debug_line    0x00000000      0x1c5 HAL/BUTTON_INTERFACE.o
 .debug_str     0x00000000      0x1f5 HAL/BUTTON_INTERFACE.o
 .comment       0x00000000       0x31 HAL/BUTTON_INTERFACE.o
 .debug_frame   0x00000000       0xb0 HAL/BUTTON_INTERFACE.o
 .text          0x00000000        0x0 HAL/BUZZER_INTERFACE.o
 .data          0x00000000        0x0 HAL/BUZZER_INTERFACE.o
 .bss           0x00000000        0x0 HAL/BUZZER_INTERFACE.o
 .text.BUZZER_FLICKER
                0x00000000       0x38 HAL/BUZZER_INTERFACE.o
 .text          0x00000000        0x0 HAL/EEPROM.o
 .data          0x00000000        0x0 HAL/EEPROM.o
 .bss           0x00000000        0x0 HAL/EEPROM.o
 .text.EEPROM_WRITE
                0x00000000       0x40 HAL/EEPROM.o
 .text.EEPROM_READ
                0x00000000       0x58 HAL/EEPROM.o
 .text.EEPROM_WRITE_STRING
                0x00000000       0x2e HAL/EEPROM.o
 .text.EEPROM_READ_STRING
                0x00000000       0x5c HAL/EEPROM.o
 .debug_info    0x00000000      0x488 HAL/EEPROM.o
 .debug_abbrev  0x00000000      0x132 HAL/EEPROM.o
 .debug_loc     0x00000000      0x2cc HAL/EEPROM.o
 .debug_aranges
                0x00000000       0x38 HAL/EEPROM.o
 .debug_ranges  0x00000000       0x28 HAL/EEPROM.o
 .debug_line    0x00000000      0x257 HAL/EEPROM.o
 .debug_str     0x00000000      0x289 HAL/EEPROM.o
 .comment       0x00000000       0x31 HAL/EEPROM.o
 .debug_frame   0x00000000       0x94 HAL/EEPROM.o
 .text          0x00000000        0x0 HAL/KEYPAD_INTERFACE.o
 .data          0x00000000        0x0 HAL/KEYPAD_INTERFACE.o
 .bss           0x00000000        0x0 HAL/KEYPAD_INTERFACE.o
 .text.ACTIVATE_PULL_UP_RESISTORS
                0x00000000       0x2a HAL/KEYPAD_INTERFACE.o
 .text          0x00000000        0x0 HAL/LCD_INTERFACE.o
 .data          0x00000000        0x0 HAL/LCD_INTERFACE.o
 .bss           0x00000000        0x0 HAL/LCD_INTERFACE.o
 .text.LCD_DATA_STRING
                0x00000000       0x46 HAL/LCD_INTERFACE.o
 .text.LCD_CERTAIN_DATA
                0x00000000       0x3a HAL/LCD_INTERFACE.o
 .text.LCD_DATA_CERTAIN_STRING
                0x00000000       0x32 HAL/LCD_INTERFACE.o
 .text.LCD_FORCE_CURSOR_POSITION
                0x00000000       0x18 HAL/LCD_INTERFACE.o
 .text          0x00000000        0x0 HAL/LEDS_INTERFACE.o
 .data          0x00000000        0x0 HAL/LEDS_INTERFACE.o
 .bss           0x00000000        0x0 HAL/LEDS_INTERFACE.o
 .text.LED_ON   0x00000000       0x30 HAL/LEDS_INTERFACE.o
 .text.LED_OFF  0x00000000       0x30 HAL/LEDS_INTERFACE.o
 .text.LED_FLASH
                0x00000000      0x1c2 HAL/LEDS_INTERFACE.o
 .text.LEDS_FLASH
                0x00000000       0x54 HAL/LEDS_INTERFACE.o
 .debug_info    0x00000000      0x848 HAL/LEDS_INTERFACE.o
 .debug_abbrev  0x00000000      0x134 HAL/LEDS_INTERFACE.o
 .debug_loc     0x00000000      0x6fc HAL/LEDS_INTERFACE.o
 .debug_aranges
                0x00000000       0x38 HAL/LEDS_INTERFACE.o
 .debug_ranges  0x00000000       0x28 HAL/LEDS_INTERFACE.o
 .debug_line    0x00000000      0x35f HAL/LEDS_INTERFACE.o
 .debug_str     0x00000000      0x227 HAL/LEDS_INTERFACE.o
 .comment       0x00000000       0x31 HAL/LEDS_INTERFACE.o
 .debug_frame   0x00000000       0x5c HAL/LEDS_INTERFACE.o
 .text          0x00000000        0x0 HAL/RELAY_INTERFACE.o
 .data          0x00000000        0x0 HAL/RELAY_INTERFACE.o
 .bss           0x00000000        0x0 HAL/RELAY_INTERFACE.o
 .text.RELAY_ON
                0x00000000        0xc HAL/RELAY_INTERFACE.o
 .text.RELAY_OFF
                0x00000000        0xc HAL/RELAY_INTERFACE.o
 .text.RELAY_FLICKER
                0x00000000       0x38 HAL/RELAY_INTERFACE.o
 .debug_info    0x00000000      0x1ea HAL/RELAY_INTERFACE.o
 .debug_abbrev  0x00000000      0x118 HAL/RELAY_INTERFACE.o
 .debug_loc     0x00000000       0xf3 HAL/RELAY_INTERFACE.o
 .debug_aranges
                0x00000000       0x30 HAL/RELAY_INTERFACE.o
 .debug_ranges  0x00000000       0x20 HAL/RELAY_INTERFACE.o
 .debug_line    0x00000000      0x19b HAL/RELAY_INTERFACE.o
 .debug_str     0x00000000      0x218 HAL/RELAY_INTERFACE.o
 .comment       0x00000000       0x31 HAL/RELAY_INTERFACE.o
 .debug_frame   0x00000000       0x4c HAL/RELAY_INTERFACE.o
 .text          0x00000000        0x0 main.o
 .data          0x00000000        0x0 main.o
 .bss           0x00000000        0x0 main.o
 .bss.c8Password
                0x00000000        0xa main.o
 .bss.c8ID      0x00000000        0xa main.o
 .data.c8Actual_password
                0x00000000        0xa main.o
 .data.c8Actual_ID
                0x00000000        0xa main.o
 .bss.gu8Password_right
                0x00000000        0x1 main.o
 .bss.gu8ID_right
                0x00000000        0x1 main.o
 .text          0x00000000        0x0 MCAL/ADC/ADC.o
 .data          0x00000000        0x0 MCAL/ADC/ADC.o
 .bss           0x00000000        0x0 MCAL/ADC/ADC.o
 .text.ADC0_INIT
                0x00000000        0xa MCAL/ADC/ADC.o
 .text.ADC1_INIT
                0x00000000        0xa MCAL/ADC/ADC.o
 .text.ADC_START
                0x00000000        0x4 MCAL/ADC/ADC.o
 .text.ADC_WAIT_FOR_CONVERSION_END
                0x00000000        0x6 MCAL/ADC/ADC.o
 .text.ADC0_READ
                0x00000000       0x2a MCAL/ADC/ADC.o
 .text.ADC1_READ
                0x00000000       0x2a MCAL/ADC/ADC.o
 .text.ADC0_32_READ
                0x00000000       0x32 MCAL/ADC/ADC.o
 .text.ADC1_32_READ
                0x00000000       0x32 MCAL/ADC/ADC.o
 .text.ADC_VALUE_ANALYSE
                0x00000000       0x66 MCAL/ADC/ADC.o
 .text.ADC_SHOW_VALUE
                0x00000000       0x2a MCAL/ADC/ADC.o
 .debug_info    0x00000000      0x49c MCAL/ADC/ADC.o
 .debug_abbrev  0x00000000      0x130 MCAL/ADC/ADC.o
 .debug_loc     0x00000000      0x5c5 MCAL/ADC/ADC.o
 .debug_aranges
                0x00000000       0x68 MCAL/ADC/ADC.o
 .debug_ranges  0x00000000       0x58 MCAL/ADC/ADC.o
 .debug_line    0x00000000      0x303 MCAL/ADC/ADC.o
 .debug_str     0x00000000      0x37e MCAL/ADC/ADC.o
 .comment       0x00000000       0x31 MCAL/ADC/ADC.o
 .debug_frame   0x00000000       0xfc MCAL/ADC/ADC.o
 .text          0x00000000        0x0 MCAL/GPIO/GPIO.o
 .data          0x00000000        0x0 MCAL/GPIO/GPIO.o
 .bss           0x00000000        0x0 MCAL/GPIO/GPIO.o
 .text.Pin_toggle
                0x00000000       0x18 MCAL/GPIO/GPIO.o
 .text          0x00000000        0x0 MCAL/INTERNAL_EEPROM/INTERNAL_EEPROM.o
 .data          0x00000000        0x0 MCAL/INTERNAL_EEPROM/INTERNAL_EEPROM.o
 .bss           0x00000000        0x0 MCAL/INTERNAL_EEPROM/INTERNAL_EEPROM.o
 .text.INTERNAL_EEPROM_WRITE_STRING
                0x00000000       0x3e MCAL/INTERNAL_EEPROM/INTERNAL_EEPROM.o
 .text.INTERNAL_EEPROM_READ_STRING
                0x00000000       0x3e MCAL/INTERNAL_EEPROM/INTERNAL_EEPROM.o
 .rodata.str1.1
                0x00000000        0xe MCAL/INTERNAL_EEPROM/INTERNAL_EEPROM.o
 .text.INTERNAL_EEPROM_ENTER_ID
                0x00000000       0xa8 MCAL/INTERNAL_EEPROM/INTERNAL_EEPROM.o
 .text.INTERNAL_EEPROM_ENTER_PASSWORD
                0x00000000       0xa8 MCAL/INTERNAL_EEPROM/INTERNAL_EEPROM.o
 .text          0x00000000        0x0 MCAL/SPI/SPI.o
 .data          0x00000000        0x0 MCAL/SPI/SPI.o
 .bss           0x00000000        0x0 MCAL/SPI/SPI.o
 .text.SPI_MASTER_INIT
                0x00000000       0x48 MCAL/SPI/SPI.o
 .text.SPI_SLAVE_INIT
                0x00000000       0x48 MCAL/SPI/SPI.o
 .text.SPI_DEINIT
                0x00000000        0x6 MCAL/SPI/SPI.o
 .text.SPI_MASTER_TRANSMIT
                0x00000000        0x8 MCAL/SPI/SPI.o
 .text.SPI_MASTER_TRANSMIT_STRING
                0x00000000       0x24 MCAL/SPI/SPI.o
 .text.SPI_MASTER_RECEIVE
                0x00000000        0xc MCAL/SPI/SPI.o
 .text.SPI_MASTER_RECEIVE_STRING
                0x00000000       0x24 MCAL/SPI/SPI.o
 .text.SPI_SLAVE_TRANSMIT
                0x00000000        0x8 MCAL/SPI/SPI.o
 .text.SPI_SLAVE_TRANSMIT_STRING
                0x00000000       0x24 MCAL/SPI/SPI.o
 .text.SPI_SLAVE_RECEIVE
                0x00000000        0xc MCAL/SPI/SPI.o
 .text.SPI_SLAVE_RECEIVE_STRING
                0x00000000       0x24 MCAL/SPI/SPI.o
 .debug_info    0x00000000      0x40a MCAL/SPI/SPI.o
 .debug_abbrev  0x00000000       0xd7 MCAL/SPI/SPI.o
 .debug_loc     0x00000000      0x18a MCAL/SPI/SPI.o
 .debug_aranges
                0x00000000       0x70 MCAL/SPI/SPI.o
 .debug_ranges  0x00000000       0x60 MCAL/SPI/SPI.o
 .debug_line    0x00000000      0x285 MCAL/SPI/SPI.o
 .debug_str     0x00000000      0x2a1 MCAL/SPI/SPI.o
 .comment       0x00000000       0x31 MCAL/SPI/SPI.o
 .debug_frame   0x00000000       0xc4 MCAL/SPI/SPI.o
 .text          0x00000000        0x0 MCAL/TIMER1/TIMER1.o
 .data          0x00000000        0x0 MCAL/TIMER1/TIMER1.o
 .bss           0x00000000        0x0 MCAL/TIMER1/TIMER1.o
 .text.T1_PWM_INIT
                0x00000000       0x16 MCAL/TIMER1/TIMER1.o
 .text.T1_PWM_DEINIT
                0x00000000        0xa MCAL/TIMER1/TIMER1.o
 .text.T1_PWM_DUTY_CYCLE
                0x00000000       0x90 MCAL/TIMER1/TIMER1.o
 .debug_info    0x00000000       0xce MCAL/TIMER1/TIMER1.o
 .debug_abbrev  0x00000000       0x78 MCAL/TIMER1/TIMER1.o
 .debug_loc     0x00000000      0x10d MCAL/TIMER1/TIMER1.o
 .debug_aranges
                0x00000000       0x30 MCAL/TIMER1/TIMER1.o
 .debug_ranges  0x00000000       0x20 MCAL/TIMER1/TIMER1.o
 .debug_line    0x00000000      0x139 MCAL/TIMER1/TIMER1.o
 .debug_str     0x00000000      0x1de MCAL/TIMER1/TIMER1.o
 .comment       0x00000000       0x31 MCAL/TIMER1/TIMER1.o
 .debug_frame   0x00000000       0x68 MCAL/TIMER1/TIMER1.o
 .text          0x00000000        0x0 MCAL/TWI/TWI.o
 .data          0x00000000        0x0 MCAL/TWI/TWI.o
 .bss           0x00000000        0x0 MCAL/TWI/TWI.o
 .text.TWI_INIT
                0x00000000        0x8 MCAL/TWI/TWI.o
 .text.TWI_START
                0x00000000        0xc MCAL/TWI/TWI.o
 .text.TWI_STOP
                0x00000000        0x6 MCAL/TWI/TWI.o
 .text.TWI_TRANSMIT
                0x00000000        0xe MCAL/TWI/TWI.o
 .text.TWI_RECEIVE_ACK
                0x00000000       0x12 MCAL/TWI/TWI.o
 .text.TWI_RECEIVE_NOACK
                0x00000000       0x12 MCAL/TWI/TWI.o
 .text.TWI_TRANSMIT_STRING
                0x00000000       0x32 MCAL/TWI/TWI.o
 .text.TWI_RECEIVE_STRING
                0x00000000       0x3c MCAL/TWI/TWI.o
 .debug_info    0x00000000      0x1e0 MCAL/TWI/TWI.o
 .debug_abbrev  0x00000000       0xf3 MCAL/TWI/TWI.o
 .debug_loc     0x00000000      0x1f8 MCAL/TWI/TWI.o
 .debug_aranges
                0x00000000       0x58 MCAL/TWI/TWI.o
 .debug_ranges  0x00000000       0x48 MCAL/TWI/TWI.o
 .debug_line    0x00000000      0x1d6 MCAL/TWI/TWI.o
 .debug_str     0x00000000      0x22c MCAL/TWI/TWI.o
 .comment       0x00000000       0x31 MCAL/TWI/TWI.o
 .debug_frame   0x00000000       0xbc MCAL/TWI/TWI.o
 .text          0x00000000        0x0 MCAL/USART/USART.o
 .data          0x00000000        0x0 MCAL/USART/USART.o
 .bss           0x00000000        0x0 MCAL/USART/USART.o
 .text.USART_INIT
                0x00000000       0x12 MCAL/USART/USART.o
 .text.USART_DEINIT
                0x00000000        0xa MCAL/USART/USART.o
 .text.USART_TRANSMIT
                0x00000000        0x8 MCAL/USART/USART.o
 .text.USART_TRANSMIT_STRING
                0x00000000       0x32 MCAL/USART/USART.o
 .text.USART_RECEIVE
                0x00000000        0xc MCAL/USART/USART.o
 .text.USART_TRANSMIT_CERTAIN_STRING
                0x00000000       0x32 MCAL/USART/USART.o
 .debug_info    0x00000000      0x199 MCAL/USART/USART.o
 .debug_abbrev  0x00000000       0xde MCAL/USART/USART.o
 .debug_loc     0x00000000      0x1ca MCAL/USART/USART.o
 .debug_aranges
                0x00000000       0x48 MCAL/USART/USART.o
 .debug_ranges  0x00000000       0x38 MCAL/USART/USART.o
 .debug_line    0x00000000      0x185 MCAL/USART/USART.o
 .debug_str     0x00000000      0x261 MCAL/USART/USART.o
 .comment       0x00000000       0x31 MCAL/USART/USART.o
 .debug_frame   0x00000000       0x9c MCAL/USART/USART.o
 .text          0x00000000        0x0 c:/program files (x86)/atmel/studio/7.0/toolchain/avr8/avr8-gnu-toolchain/bin/../lib/gcc/avr/5.4.0/avr5\libgcc.a(_udivmodsi4.o)
 .data          0x00000000        0x0 c:/program files (x86)/atmel/studio/7.0/toolchain/avr8/avr8-gnu-toolchain/bin/../lib/gcc/avr/5.4.0/avr5\libgcc.a(_udivmodsi4.o)
 .bss           0x00000000        0x0 c:/program files (x86)/atmel/studio/7.0/toolchain/avr8/avr8-gnu-toolchain/bin/../lib/gcc/avr/5.4.0/avr5\libgcc.a(_udivmodsi4.o)
 .text.libgcc.mul
                0x00000000        0x0 c:/program files (x86)/atmel/studio/7.0/toolchain/avr8/avr8-gnu-toolchain/bin/../lib/gcc/avr/5.4.0/avr5\libgcc.a(_udivmodsi4.o)
 .text.libgcc.div
                0x00000000       0x44 c:/program files (x86)/atmel/studio/7.0/toolchain/avr8/avr8-gnu-toolchain/bin/../lib/gcc/avr/5.4.0/avr5\libgcc.a(_udivmodsi4.o)
 .text.libgcc   0x00000000        0x0 c:/program files (x86)/atmel/studio/7.0/toolchain/avr8/avr8-gnu-toolchain/bin/../lib/gcc/avr/5.4.0/avr5\libgcc.a(_udivmodsi4.o)
 .text.libgcc.prologue
                0x00000000        0x0 c:/program files (x86)/atmel/studio/7.0/toolchain/avr8/avr8-gnu-toolchain/bin/../lib/gcc/avr/5.4.0/avr5\libgcc.a(_udivmodsi4.o)
 .text.libgcc.builtins
                0x00000000        0x0 c:/program files (x86)/atmel/studio/7.0/toolchain/avr8/avr8-gnu-toolchain/bin/../lib/gcc/avr/5.4.0/avr5\libgcc.a(_udivmodsi4.o)
 .text.libgcc.fmul
                0x00000000        0x0 c:/program files (x86)/atmel/studio/7.0/toolchain/avr8/avr8-gnu-toolchain/bin/../lib/gcc/avr/5.4.0/avr5\libgcc.a(_udivmodsi4.o)
 .text.libgcc.fixed
                0x00000000        0x0 c:/program files (x86)/atmel/studio/7.0/toolchain/avr8/avr8-gnu-toolchain/bin/../lib/gcc/avr/5.4.0/avr5\libgcc.a(_udivmodsi4.o)
 .text          0x00000000        0x0 c:/program files (x86)/atmel/studio/7.0/toolchain/avr8/avr8-gnu-toolchain/bin/../lib/gcc/avr/5.4.0/avr5\libgcc.a(_exit.o)
 .data          0x00000000        0x0 c:/program files (x86)/atmel/studio/7.0/toolchain/avr8/avr8-gnu-toolchain/bin/../lib/gcc/avr/5.4.0/avr5\libgcc.a(_exit.o)
 .bss           0x00000000        0x0 c:/program files (x86)/atmel/studio/7.0/toolchain/avr8/avr8-gnu-toolchain/bin/../lib/gcc/avr/5.4.0/avr5\libgcc.a(_exit.o)
 .text.libgcc.mul
                0x00000000        0x0 c:/program files (x86)/atmel/studio/7.0/toolchain/avr8/avr8-gnu-toolchain/bin/../lib/gcc/avr/5.4.0/avr5\libgcc.a(_exit.o)
 .text.libgcc.div
                0x00000000        0x0 c:/program files (x86)/atmel/studio/7.0/toolchain/avr8/avr8-gnu-toolchain/bin/../lib/gcc/avr/5.4.0/avr5\libgcc.a(_exit.o)
 .text.libgcc   0x00000000        0x0 c:/program files (x86)/atmel/studio/7.0/toolchain/avr8/avr8-gnu-toolchain/bin/../lib/gcc/avr/5.4.0/avr5\libgcc.a(_exit.o)
 .text.libgcc.prologue
                0x00000000        0x0 c:/program files (x86)/atmel/studio/7.0/toolchain/avr8/avr8-gnu-toolchain/bin/../lib/gcc/avr/5.4.0/avr5\libgcc.a(_exit.o)
 .text.libgcc.builtins
                0x00000000        0x0 c:/program files (x86)/atmel/studio/7.0/toolchain/avr8/avr8-gnu-toolchain/bin/../lib/gcc/avr/5.4.0/avr5\libgcc.a(_exit.o)
 .text.libgcc.fmul
                0x00000000        0x0 c:/program files (x86)/atmel/studio/7.0/toolchain/avr8/avr8-gnu-toolchain/bin/../lib/gcc/avr/5.4.0/avr5\libgcc.a(_exit.o)
 .text.libgcc.fixed
                0x00000000        0x0 c:/program files (x86)/atmel/studio/7.0/toolchain/avr8/avr8-gnu-toolchain/bin/../lib/gcc/avr/5.4.0/avr5\libgcc.a(_exit.o)
 .text          0x00000000        0x0 c:/program files (x86)/atmel/studio/7.0/toolchain/avr8/avr8-gnu-toolchain/bin/../lib/gcc/avr/5.4.0/avr5\libgcc.a(_copy_data.o)
 .data          0x00000000        0x0 c:/program files (x86)/atmel/studio/7.0/toolchain/avr8/avr8-gnu-toolchain/bin/../lib/gcc/avr/5.4.0/avr5\libgcc.a(_copy_data.o)
 .bss           0x00000000        0x0 c:/program files (x86)/atmel/studio/7.0/toolchain/avr8/avr8-gnu-toolchain/bin/../lib/gcc/avr/5.4.0/avr5\libgcc.a(_copy_data.o)
 .text.libgcc.mul
                0x00000000        0x0 c:/program files (x86)/atmel/studio/7.0/toolchain/avr8/avr8-gnu-toolchain/bin/../lib/gcc/avr/5.4.0/avr5\libgcc.a(_copy_data.o)
 .text.libgcc.div
                0x00000000        0x0 c:/program files (x86)/atmel/studio/7.0/toolchain/avr8/avr8-gnu-toolchain/bin/../lib/gcc/avr/5.4.0/avr5\libgcc.a(_copy_data.o)
 .text.libgcc   0x00000000        0x0 c:/program files (x86)/atmel/studio/7.0/toolchain/avr8/avr8-gnu-toolchain/bin/../lib/gcc/avr/5.4.0/avr5\libgcc.a(_copy_data.o)
 .text.libgcc.prologue
                0x00000000        0x0 c:/program files (x86)/atmel/studio/7.0/toolchain/avr8/avr8-gnu-toolchain/bin/../lib/gcc/avr/5.4.0/avr5\libgcc.a(_copy_data.o)
 .text.libgcc.builtins
                0x00000000        0x0 c:/program files (x86)/atmel/studio/7.0/toolchain/avr8/avr8-gnu-toolchain/bin/../lib/gcc/avr/5.4.0/avr5\libgcc.a(_copy_data.o)
 .text.libgcc.fmul
                0x00000000        0x0 c:/program files (x86)/atmel/studio/7.0/toolchain/avr8/avr8-gnu-toolchain/bin/../lib/gcc/avr/5.4.0/avr5\libgcc.a(_copy_data.o)
 .text.libgcc.fixed
                0x00000000        0x0 c:/program files (x86)/atmel/studio/7.0/toolchain/avr8/avr8-gnu-toolchain/bin/../lib/gcc/avr/5.4.0/avr5\libgcc.a(_copy_data.o)
 .text          0x00000000        0x0 c:/program files (x86)/atmel/studio/7.0/toolchain/avr8/avr8-gnu-toolchain/bin/../lib/gcc/avr/5.4.0/avr5\libgcc.a(_clear_bss.o)
 .data          0x00000000        0x0 c:/program files (x86)/atmel/studio/7.0/toolchain/avr8/avr8-gnu-toolchain/bin/../lib/gcc/avr/5.4.0/avr5\libgcc.a(_clear_bss.o)
 .bss           0x00000000        0x0 c:/program files (x86)/atmel/studio/7.0/toolchain/avr8/avr8-gnu-toolchain/bin/../lib/gcc/avr/5.4.0/avr5\libgcc.a(_clear_bss.o)
 .text.libgcc.mul
                0x00000000        0x0 c:/program files (x86)/atmel/studio/7.0/toolchain/avr8/avr8-gnu-toolchain/bin/../lib/gcc/avr/5.4.0/avr5\libgcc.a(_clear_bss.o)
 .text.libgcc.div
                0x00000000        0x0 c:/program files (x86)/atmel/studio/7.0/toolchain/avr8/avr8-gnu-toolchain/bin/../lib/gcc/avr/5.4.0/avr5\libgcc.a(_clear_bss.o)
 .text.libgcc   0x00000000        0x0 c:/program files (x86)/atmel/studio/7.0/toolchain/avr8/avr8-gnu-toolchain/bin/../lib/gcc/avr/5.4.0/avr5\libgcc.a(_clear_bss.o)
 .text.libgcc.prologue
                0x00000000        0x0 c:/program files (x86)/atmel/studio/7.0/toolchain/avr8/avr8-gnu-toolchain/bin/../lib/gcc/avr/5.4.0/avr5\libgcc.a(_clear_bss.o)
 .text.libgcc.builtins
                0x00000000        0x0 c:/program files (x86)/atmel/studio/7.0/toolchain/avr8/avr8-gnu-toolchain/bin/../lib/gcc/avr/5.4.0/avr5\libgcc.a(_clear_bss.o)
 .text.libgcc.fmul
                0x00000000        0x0 c:/program files (x86)/atmel/studio/7.0/toolchain/avr8/avr8-gnu-toolchain/bin/../lib/gcc/avr/5.4.0/avr5\libgcc.a(_clear_bss.o)
 .text.libgcc.fixed
                0x00000000        0x0 c:/program files (x86)/atmel/studio/7.0/toolchain/avr8/avr8-gnu-toolchain/bin/../lib/gcc/avr/5.4.0/avr5\libgcc.a(_clear_bss.o)
 .text          0x00000000        0x0 c:/program files (x86)/atmel/studio/7.0/toolchain/avr8/avr8-gnu-toolchain/bin/../lib/gcc/avr/5.4.0/avr5\libgcc.a(_umulhisi3.o)
 .data          0x00000000        0x0 c:/program files (x86)/atmel/studio/7.0/toolchain/avr8/avr8-gnu-toolchain/bin/../lib/gcc/avr/5.4.0/avr5\libgcc.a(_umulhisi3.o)
 .bss           0x00000000        0x0 c:/program files (x86)/atmel/studio/7.0/toolchain/avr8/avr8-gnu-toolchain/bin/../lib/gcc/avr/5.4.0/avr5\libgcc.a(_umulhisi3.o)
 .text.libgcc.mul
                0x00000000       0x1e c:/program files (x86)/atmel/studio/7.0/toolchain/avr8/avr8-gnu-toolchain/bin/../lib/gcc/avr/5.4.0/avr5\libgcc.a(_umulhisi3.o)
 .text.libgcc.div
                0x00000000        0x0 c:/program files (x86)/atmel/studio/7.0/toolchain/avr8/avr8-gnu-toolchain/bin/../lib/gcc/avr/5.4.0/avr5\libgcc.a(_umulhisi3.o)
 .text.libgcc   0x00000000        0x0 c:/program files (x86)/atmel/studio/7.0/toolchain/avr8/avr8-gnu-toolchain/bin/../lib/gcc/avr/5.4.0/avr5\libgcc.a(_umulhisi3.o)
 .text.libgcc.prologue
                0x00000000        0x0 c:/program files (x86)/atmel/studio/7.0/toolchain/avr8/avr8-gnu-toolchain/bin/../lib/gcc/avr/5.4.0/avr5\libgcc.a(_umulhisi3.o)
 .text.libgcc.builtins
                0x00000000        0x0 c:/program files (x86)/atmel/studio/7.0/toolchain/avr8/avr8-gnu-toolchain/bin/../lib/gcc/avr/5.4.0/avr5\libgcc.a(_umulhisi3.o)
 .text.libgcc.fmul
                0x00000000        0x0 c:/program files (x86)/atmel/studio/7.0/toolchain/avr8/avr8-gnu-toolchain/bin/../lib/gcc/avr/5.4.0/avr5\libgcc.a(_umulhisi3.o)
 .text.libgcc.fixed
                0x00000000        0x0 c:/program files (x86)/atmel/studio/7.0/toolchain/avr8/avr8-gnu-toolchain/bin/../lib/gcc/avr/5.4.0/avr5\libgcc.a(_umulhisi3.o)
 .text          0x00000000        0x0 c:/program files (x86)/atmel/studio/7.0/toolchain/avr8/avr8-gnu-toolchain/bin/../lib/gcc/avr/5.4.0/avr5\libgcc.a(_muluhisi3.o)
 .data          0x00000000        0x0 c:/program files (x86)/atmel/studio/7.0/toolchain/avr8/avr8-gnu-toolchain/bin/../lib/gcc/avr/5.4.0/avr5\libgcc.a(_muluhisi3.o)
 .bss           0x00000000        0x0 c:/program files (x86)/atmel/studio/7.0/toolchain/avr8/avr8-gnu-toolchain/bin/../lib/gcc/avr/5.4.0/avr5\libgcc.a(_muluhisi3.o)
 .text.libgcc.mul
                0x00000000       0x16 c:/program files (x86)/atmel/studio/7.0/toolchain/avr8/avr8-gnu-toolchain/bin/../lib/gcc/avr/5.4.0/avr5\libgcc.a(_muluhisi3.o)
 .text.libgcc.div
                0x00000000        0x0 c:/program files (x86)/atmel/studio/7.0/toolchain/avr8/avr8-gnu-toolchain/bin/../lib/gcc/avr/5.4.0/avr5\libgcc.a(_muluhisi3.o)
 .text.libgcc   0x00000000        0x0 c:/program files (x86)/atmel/studio/7.0/toolchain/avr8/avr8-gnu-toolchain/bin/../lib/gcc/avr/5.4.0/avr5\libgcc.a(_muluhisi3.o)
 .text.libgcc.prologue
                0x00000000        0x0 c:/program files (x86)/atmel/studio/7.0/toolchain/avr8/avr8-gnu-toolchain/bin/../lib/gcc/avr/5.4.0/avr5\libgcc.a(_muluhisi3.o)
 .text.libgcc.builtins
                0x00000000        0x0 c:/program files (x86)/atmel/studio/7.0/toolchain/avr8/avr8-gnu-toolchain/bin/../lib/gcc/avr/5.4.0/avr5\libgcc.a(_muluhisi3.o)
 .text.libgcc.fmul
                0x00000000        0x0 c:/program files (x86)/atmel/studio/7.0/toolchain/avr8/avr8-gnu-toolchain/bin/../lib/gcc/avr/5.4.0/avr5\libgcc.a(_muluhisi3.o)
 .text.libgcc.fixed
                0x00000000        0x0 c:/program files (x86)/atmel/studio/7.0/toolchain/avr8/avr8-gnu-toolchain/bin/../lib/gcc/avr/5.4.0/avr5\libgcc.a(_muluhisi3.o)

Memory Configuration

Name             Origin             Length             Attributes
text             0x00000000         0x00020000         xr
data             0x00800060         0x0000ffa0         rw !x
eeprom           0x00810000         0x00010000         rw !x
fuse             0x00820000         0x00000002         rw !x
lock             0x00830000         0x00000400         rw !x
signature        0x00840000         0x00000400         rw !x
user_signatures  0x00850000         0x00000400         rw !x
*default*        0x00000000         0xffffffff

Linker script and memory map

LOAD C:/Program Files (x86)/Atmel/Studio/7.0/Packs/atmel/ATmega_DFP/1.2.209/gcc/dev/atmega32/avr5/crtatmega32.o
LOAD APP/BLUETOOTH_CONTROL/Elkady_BLUETOOTH.o
LOAD APP/GET_INFO/KEYPAD_LCD.o
LOAD APP/KIT_TEST/LCD_TEST.o
LOAD APP/REGISTERATION/REGISTERATION.o
LOAD HAL/BUTTON_INTERFACE.o
LOAD HAL/BUZZER_INTERFACE.o
LOAD HAL/EEPROM.o
LOAD HAL/KEYPAD_INTERFACE.o
LOAD HAL/LCD_INTERFACE.o
LOAD HAL/LEDS_INTERFACE.o
LOAD HAL/RELAY_INTERFACE.o
LOAD main.o
LOAD MCAL/ADC/ADC.o
LOAD MCAL/GPIO/GPIO.o
LOAD MCAL/INTERNAL_EEPROM/INTERNAL_EEPROM.o
LOAD MCAL/SPI/SPI.o
LOAD MCAL/TIMER1/TIMER1.o
LOAD MCAL/TWI/TWI.o
LOAD MCAL/USART/USART.o
START GROUP
LOAD c:/program files (x86)/atmel/studio/7.0/toolchain/avr8/avr8-gnu-toolchain/bin/../lib/gcc/avr/5.4.0/../../../../avr/lib/avr5\libm.a
END GROUP
START GROUP
LOAD c:/program files (x86)/atmel/studio/7.0/toolchain/avr8/avr8-gnu-toolchain/bin/../lib/gcc/avr/5.4.0/avr5\libgcc.a
LOAD c:/program files (x86)/atmel/studio/7.0/toolchain/avr8/avr8-gnu-toolchain/bin/../lib/gcc/avr/5.4.0/../../../../avr/lib/avr5\libm.a
LOAD c:/program files (x86)/atmel/studio/7.0/toolchain/avr8/avr8-gnu-toolchain/bin/../lib/gcc/avr/5.4.0/../../../../avr/lib/avr5\libc.a
LOAD C:/Program Files (x86)/Atmel/Studio/7.0/Packs/atmel/ATmega_DFP/1.2.209/gcc/dev/atmega32/avr5\libatmega32.a
END GROUP
                0x00020000                __TEXT_REGION_LENGTH__ = DEFINED (__TEXT_REGION_LENGTH__)?__TEXT_REGION_LENGTH__:0x20000
                0x0000ffa0                __DATA_REGION_LENGTH__ = DEFINED (__DATA_REGION_LENGTH__)?__DATA_REGION_LENGTH__:0xffa0
                0x00010000                __EEPROM_REGION_LENGTH__ = DEFINED (__EEPROM_REGION_LENGTH__)?__EEPROM_REGION_LENGTH__:0x10000
                [0x00000002]                __FUSE_REGION_LENGTH__ = DEFINED (__FUSE_REGION_LENGTH__)?__FUSE_REGION_LENGTH__:0x400
                0x00000400                __LOCK_REGION_LENGTH__ = DEFINED (__LOCK_REGION_LENGTH__)?__LOCK_REGION_LENGTH__:0x400
                0x00000400                __SIGNATURE_REGION_LENGTH__ = DEFINED (__SIGNATURE_REGION_LENGTH__)?__SIGNATURE_REGION_LENGTH__:0x400
                0x00000400                __USER_SIGNATURE_REGION_LENGTH__ = DEFINED (__USER_SIGNATURE_REGION_LENGTH__)?__USER_SIGNATURE_REGION_LENGTH__:0x400

.hash
 *(.hash)

.dynsym
 *(.dynsym)

.dynstr
 *(.dynstr)

.gnu.version
 *(.gnu.version)

.gnu.version_d
 *(.gnu.version_d)

.gnu.version_r
 *(.gnu.version_r)

.rel.init
 *(.rel.init)

.rela.init
 *(.rela.init)

.rel.text
 *(.rel.text)
 *(.rel.text.*)
 *(.rel.gnu.linkonce.t*)

.rela.text
 *(.rela.text)
 *(.rela.text.*)
 *(.rela.gnu.linkonce.t*)

.rel.fini
 *(.rel.fini)

.rela.fini
 *(.rela.fini)

.rel.rodata
 *(.rel.rodata)
 *(.rel.rodata.*)
 *(.rel.gnu.linkonce.r*)

.rela.rodata
 *(.rela.rodata)
 *(.rela.rodata.*)
 *(.rela.gnu.linkonce.r*)

.rel.data
 *(.rel.data)
 *(.rel.data.*)
 *(.rel.gnu.linkonce.d*)

.rela.data
 *(.rela.data)
 *(.rela.data.*)
 *(.rela.gnu.linkonce.d*)

.rel.ctors
 *(.rel.ctors)

.rela.ctors
 *(.rela.ctors)

.rel.dtors
 *(.rel.dtors)

.rela.dtors
 *(.rela.dtors)

.rel.got
 *(.rel.got)

.rela.got
 *(.rela.got)

.rel.bss
 *(.rel.bss)

.rela.bss
 *(.rela.bss)

.rel.plt
 *(.rel.plt)

.rela.plt
 *(.rela.plt)

.text           0x00000000      0xbd0
 *(.vectors)
 .vectors       0x00000000       0x54 C:/Program Files (x86)/Atmel/Studio/7.0/Packs/atmel/ATmega_DFP/1.2.209/gcc/dev/atmega32/avr5/crtatmega32.o
                0x00000000                __vector_default
                0x00000000                __vectors
 *(.vectors)
 *(.progmem.gcc*)
                0x00000054                . = ALIGN (0x2)
                0x00000054                __trampolines_start = .
 *(.trampolines)
 .trampolines   0x00000054        0x0 linker stubs
 *(.trampolines*)
                0x00000054                __trampolines_end = .
 *libprintf_flt.a:*(.progmem.data)
 *libc.a:*(.progmem.data)
 *(.progmem*)
                0x00000054                . = ALIGN (0x2)
 *(.jumptables)
 *(.jumptables*)
 *(.lowtext)
 *(.lowtext*)
                0x00000054                __ctors_start = .
 *(.ctors)
                0x00000054                __ctors_end = .
                0x00000054                __dtors_start = .
 *(.dtors)
                0x00000054                __dtors_end = .
 SORT(*)(.ctors)
 SORT(*)(.dtors)
 *(.init0)
 .init0         0x00000054        0x0 C:/Program Files (x86)/Atmel/Studio/7.0/Packs/atmel/ATmega_DFP/1.2.209/gcc/dev/atmega32/avr5/crtatmega32.o
                0x00000054                __init
 *(.init0)
 *(.init1)
 *(.init1)
 *(.init2)
 .init2         0x00000054        0xc C:/Program Files (x86)/Atmel/Studio/7.0/Packs/atmel/ATmega_DFP/1.2.209/gcc/dev/atmega32/avr5/crtatmega32.o
 *(.init2)
 *(.init3)
 *(.init3)
 *(.init4)
 .init4         0x00000060       0x16 c:/program files (x86)/atmel/studio/7.0/toolchain/avr8/avr8-gnu-toolchain/bin/../lib/gcc/avr/5.4.0/avr5\libgcc.a(_copy_data.o)
                0x00000060                __do_copy_data
 .init4         0x00000076       0x10 c:/program files (x86)/atmel/studio/7.0/toolchain/avr8/avr8-gnu-toolchain/bin/../lib/gcc/avr/5.4.0/avr5\libgcc.a(_clear_bss.o)
                0x00000076                __do_clear_bss
 *(.init4)
 *(.init5)
 *(.init5)
 *(.init6)
 *(.init6)
 *(.init7)
 *(.init7)
 *(.init8)
 *(.init8)
 *(.init9)
 .init9         0x00000086        0x8 C:/Program Files (x86)/Atmel/Studio/7.0/Packs/atmel/ATmega_DFP/1.2.209/gcc/dev/atmega32/avr5/crtatmega32.o
 *(.init9)
 *(.text)
 .text          0x0000008e        0x4 C:/Program Files (x86)/Atmel/Studio/7.0/Packs/atmel/ATmega_DFP/1.2.209/gcc/dev/atmega32/avr5/crtatmega32.o
                0x0000008e                __vector_1
                0x0000008e                __vector_12
                0x0000008e                __bad_interrupt
                0x0000008e                __vector_6
                0x0000008e                __vector_3
                0x0000008e                __vector_11
                0x0000008e                __vector_13
                0x0000008e                __vector_17
                0x0000008e                __vector_19
                0x0000008e                __vector_7
                0x0000008e                __vector_5
                0x0000008e                __vector_4
                0x0000008e                __vector_9
                0x0000008e                __vector_2
                0x0000008e                __vector_15
                0x0000008e                __vector_8
                0x0000008e                __vector_14
                0x0000008e                __vector_10
                0x0000008e                __vector_16
                0x0000008e                __vector_18
                0x0000008e                __vector_20
                0x00000092                . = ALIGN (0x2)
 *(.text.*)
 .text.BUZZER_ON
                0x00000092        0xc HAL/BUZZER_INTERFACE.o
                0x00000092                BUZZER_ON
 .text.BUZZER_OFF
                0x0000009e        0xc HAL/BUZZER_INTERFACE.o
                0x0000009e                BUZZER_OFF
 .text.POWER_ROW1
                0x000000aa        0xc HAL/KEYPAD_INTERFACE.o
                0x000000aa                POWER_ROW1
 .text.POWER_ROW2
                0x000000b6        0xc HAL/KEYPAD_INTERFACE.o
                0x000000b6                POWER_ROW2
 .text.POWER_ROW3
                0x000000c2        0xc HAL/KEYPAD_INTERFACE.o
                0x000000c2                POWER_ROW3
 .text.POWER_ROW4
                0x000000ce        0xc HAL/KEYPAD_INTERFACE.o
                0x000000ce                POWER_ROW4
 .text.POWER_ALL_ROWS
                0x000000da       0x12 HAL/KEYPAD_INTERFACE.o
                0x000000da                POWER_ALL_ROWS
 .text.GROUND_ALL_ROWS
                0x000000ec       0x2a HAL/KEYPAD_INTERFACE.o
                0x000000ec                GROUND_ALL_ROWS
 .text.READ_ROW1
                0x00000116       0x6e HAL/KEYPAD_INTERFACE.o
                0x00000116                READ_ROW1
 .text.READ_ROW2
                0x00000184       0x6e HAL/KEYPAD_INTERFACE.o
                0x00000184                READ_ROW2
 .text.READ_ROW3
                0x000001f2       0x6e HAL/KEYPAD_INTERFACE.o
                0x000001f2                READ_ROW3
 .text.READ_ROW4
                0x00000260       0x6e HAL/KEYPAD_INTERFACE.o
                0x00000260                READ_ROW4
 .text.SET_ROWS_INPUT
                0x000002ce       0x42 HAL/KEYPAD_INTERFACE.o
                0x000002ce                SET_ROWS_INPUT
 .text.SET_ROWS_OUTPUT
                0x00000310       0x42 HAL/KEYPAD_INTERFACE.o
                0x00000310                SET_ROWS_OUTPUT
 .text.POWER_COLUMN1
                0x00000352        0xc HAL/KEYPAD_INTERFACE.o
                0x00000352                POWER_COLUMN1
 .text.POWER_COLUMN2
                0x0000035e        0xc HAL/KEYPAD_INTERFACE.o
                0x0000035e                POWER_COLUMN2
 .text.POWER_COLUMN3
                0x0000036a        0xc HAL/KEYPAD_INTERFACE.o
                0x0000036a                POWER_COLUMN3
 .text.POWER_COLUMN4
                0x00000376        0xc HAL/KEYPAD_INTERFACE.o
                0x00000376                POWER_COLUMN4
 .text.POWER_ALL_COLUMNS
                0x00000382       0x12 HAL/KEYPAD_INTERFACE.o
                0x00000382                POWER_ALL_COLUMNS
 .text.GROUND_ALL_COLUMNS
                0x00000394       0x2a HAL/KEYPAD_INTERFACE.o
                0x00000394                GROUND_ALL_COLUMNS
 .text.READ_COLUMN1
                0x000003be       0x6e HAL/KEYPAD_INTERFACE.o
                0x000003be                READ_COLUMN1
 .text.READ_COLUMN2
                0x0000042c       0x6e HAL/KEYPAD_INTERFACE.o
                0x0000042c                READ_COLUMN2
 .text.READ_COLUMN3
                0x0000049a       0x6e HAL/KEYPAD_INTERFACE.o
                0x0000049a                READ_COLUMN3
 .text.READ_COLUMN4
                0x00000508       0x6e HAL/KEYPAD_INTERFACE.o
                0x00000508                READ_COLUMN4
 .text.SET_COLUMNS_INPUT
                0x00000576       0x42 HAL/KEYPAD_INTERFACE.o
                0x00000576                SET_COLUMNS_INPUT
 .text.SET_COLUMNS_OUTPUT
                0x000005b8       0x42 HAL/KEYPAD_INTERFACE.o
                0x000005b8                SET_COLUMNS_OUTPUT
 .text.GET_KEY_ROW_4x4
                0x000005fa       0x74 HAL/KEYPAD_INTERFACE.o
                0x000005fa                GET_KEY_ROW_4x4
 .text.GET_KEY_COLUMN_4x4
                0x0000066e       0x74 HAL/KEYPAD_INTERFACE.o
                0x0000066e                GET_KEY_COLUMN_4x4
 .text.GET_PRESSED_KEY
                0x000006e2      0x118 HAL/KEYPAD_INTERFACE.o
                0x000006e2                GET_PRESSED_KEY
 .text.RW_STATE
                0x000007fa       0x36 HAL/LCD_INTERFACE.o
                0x000007fa                RW_STATE
 .text.RS_STATE
                0x00000830       0x36 HAL/LCD_INTERFACE.o
                0x00000830                RS_STATE
 .text.ENABLE_STATE
                0x00000866       0x36 HAL/LCD_INTERFACE.o
                0x00000866                ENABLE_STATE
 .text.HIGH_TO_LOW_PULSE
                0x0000089c       0x1e HAL/LCD_INTERFACE.o
                0x0000089c                HIGH_TO_LOW_PULSE
 .text.LCD_COMMAND
                0x000008ba       0x3a HAL/LCD_INTERFACE.o
                0x000008ba                LCD_COMMAND
 .text.LCD_DATA
                0x000008f4       0x3a HAL/LCD_INTERFACE.o
                0x000008f4                LCD_DATA
 .text.LCD_INIT
                0x0000092e       0xf0 HAL/LCD_INTERFACE.o
                0x0000092e                LCD_INIT
 .text.LCD_CLEAR
                0x00000a1e       0x26 HAL/LCD_INTERFACE.o
                0x00000a1e                LCD_CLEAR
 .text.main     0x00000a44       0xce main.o
                0x00000a44                main
 .text.Pin_set  0x00000b12       0x18 MCAL/GPIO/GPIO.o
                0x00000b12                Pin_set
 .text.Pin_reset
                0x00000b2a       0x1a MCAL/GPIO/GPIO.o
                0x00000b2a                Pin_reset
 .text.Pin_mode
                0x00000b44       0x44 MCAL/GPIO/GPIO.o
                0x00000b44                Pin_mode
 .text.Pin_read
                0x00000b88       0x1a MCAL/GPIO/GPIO.o
                0x00000b88                Pin_read
 .text.INTERNAL_EEPROM_WRITE
                0x00000ba2       0x18 MCAL/INTERNAL_EEPROM/INTERNAL_EEPROM.o
                0x00000ba2                INTERNAL_EEPROM_WRITE
 .text.INTERNAL_EEPROM_READ
                0x00000bba       0x12 MCAL/INTERNAL_EEPROM/INTERNAL_EEPROM.o
                0x00000bba                INTERNAL_EEPROM_READ
                0x00000bcc                . = ALIGN (0x2)
 *(.fini9)
 .fini9         0x00000bcc        0x0 c:/program files (x86)/atmel/studio/7.0/toolchain/avr8/avr8-gnu-toolchain/bin/../lib/gcc/avr/5.4.0/avr5\libgcc.a(_exit.o)
                0x00000bcc                _exit
                0x00000bcc                exit
 *(.fini9)
 *(.fini8)
 *(.fini8)
 *(.fini7)
 *(.fini7)
 *(.fini6)
 *(.fini6)
 *(.fini5)
 *(.fini5)
 *(.fini4)
 *(.fini4)
 *(.fini3)
 *(.fini3)
 *(.fini2)
 *(.fini2)
 *(.fini1)
 *(.fini1)
 *(.fini0)
 .fini0         0x00000bcc        0x4 c:/program files (x86)/atmel/studio/7.0/toolchain/avr8/avr8-gnu-toolchain/bin/../lib/gcc/avr/5.4.0/avr5\libgcc.a(_exit.o)
 *(.fini0)
                0x00000bd0                _etext = .

.data           0x00800060       0x10 load address 0x00000bd0
                0x00800060                PROVIDE (__data_start, .)
 *(.data)
 *(.data*)
 *(.gnu.linkonce.d*)
 *(.rodata)
 *(.rodata*)
 .rodata.gu8Key_pad
                0x00800060       0x10 main.o
                0x00800060                gu8Key_pad
 *(.gnu.linkonce.r*)
                0x00800070                . = ALIGN (0x2)
                0x00800070                _edata = .
                0x00800070                PROVIDE (__data_end, .)

.bss            0x00800070        0xd
                0x00800070                PROVIDE (__bss_start, .)
 *(.bss)
 *(.bss*)
 .bss.gu8Captured_column
                0x00800070        0x1 HAL/KEYPAD_INTERFACE.o
 .bss.gu8Captured_row
                0x00800071        0x1 HAL/KEYPAD_INTERFACE.o
 .bss.gu8Row4_reading
                0x00800072        0x1 HAL/KEYPAD_INTERFACE.o
 .bss.gu8Row3_reading
                0x00800073        0x1 HAL/KEYPAD_INTERFACE.o
 .bss.gu8Row2_reading
                0x00800074        0x1 HAL/KEYPAD_INTERFACE.o
 .bss.gu8Row1_reading
                0x00800075        0x1 HAL/KEYPAD_INTERFACE.o
 .bss.gu8Column4_reading
                0x00800076        0x1 HAL/KEYPAD_INTERFACE.o
 .bss.gu8Column3_reading
                0x00800077        0x1 HAL/KEYPAD_INTERFACE.o
 .bss.gu8Column2_reading
                0x00800078        0x1 HAL/KEYPAD_INTERFACE.o
 .bss.gu8Column1_reading
                0x00800079        0x1 HAL/KEYPAD_INTERFACE.o
 .bss.u8Data    0x0080007a        0x1 main.o
                0x0080007a                u8Data
 .bss.gc8EEPROM_address_of_number_of_entries
                0x0080007b        0x1 main.o
                0x0080007b                gc8EEPROM_address_of_number_of_entries
 .bss.c8Temp    0x0080007c        0x1 main.o
                0x0080007c                c8Temp
 *(COMMON)
                0x0080007d                PROVIDE (__bss_end, .)
                0x00000bd0                __data_load_start = LOADADDR (.data)
                0x00000be0                __data_load_end = (__data_load_start + SIZEOF (.data))

.noinit         0x0080007d        0x0
                [!provide]                PROVIDE (__noinit_start, .)
 *(.noinit*)
                [!provide]                PROVIDE (__noinit_end, .)
                0x0080007d                _end = .
                [!provide]                PROVIDE (__heap_start, .)

.eeprom         0x00810000        0x0
 *(.eeprom*)
                0x00810000                __eeprom_end = .

.fuse
 *(.fuse)
 *(.lfuse)
 *(.hfuse)
 *(.efuse)

.lock
 *(.lock*)

.signature
 *(.signature*)

.user_signatures
 *(.user_signatures*)

.stab
 *(.stab)

.stabstr
 *(.stabstr)

.stab.excl
 *(.stab.excl)

.stab.exclstr
 *(.stab.exclstr)

.stab.index
 *(.stab.index)

.stab.indexstr
 *(.stab.indexstr)

.comment        0x00000000       0x30
 *(.comment)
 .comment       0x00000000       0x30 HAL/BUZZER_INTERFACE.o
                                 0x31 (size before relaxing)
 .comment       0x00000030       0x31 HAL/KEYPAD_INTERFACE.o
 .comment       0x00000030       0x31 HAL/LCD_INTERFACE.o
 .comment       0x00000030       0x31 main.o
 .comment       0x00000030       0x31 MCAL/GPIO/GPIO.o
 .comment       0x00000030       0x31 MCAL/INTERNAL_EEPROM/INTERNAL_EEPROM.o

.note.gnu.avr.deviceinfo
                0x00000000       0x3c
 .note.gnu.avr.deviceinfo
                0x00000000       0x3c C:/Program Files (x86)/Atmel/Studio/7.0/Packs/atmel/ATmega_DFP/1.2.209/gcc/dev/atmega32/avr5/crtatmega32.o

.note.gnu.build-id
 *(.note.gnu.build-id)

.debug
 *(.debug)

.line
 *(.line)

.debug_srcinfo
 *(.debug_srcinfo)

.debug_sfnames
 *(.debug_sfnames)

.debug_aranges  0x00000000      0x248
 *(.debug_aranges)
 .debug_aranges
                0x00000000       0x30 HAL/BUZZER_INTERFACE.o
 .debug_aranges
                0x00000030       0xf8 HAL/KEYPAD_INTERFACE.o
 .debug_aranges
                0x00000128       0x78 HAL/LCD_INTERFACE.o
 .debug_aranges
                0x000001a0       0x20 main.o
 .debug_aranges
                0x000001c0       0x40 MCAL/GPIO/GPIO.o
 .debug_aranges
                0x00000200       0x48 MCAL/INTERNAL_EEPROM/INTERNAL_EEPROM.o

.debug_pubnames
 *(.debug_pubnames)

.debug_info     0x00000000     0x2dbd
 *(.debug_info .gnu.linkonce.wi.*)
 .debug_info    0x00000000      0x4e6 C:/Program Files (x86)/Atmel/Studio/7.0/Packs/atmel/ATmega_DFP/1.2.209/gcc/dev/atmega32/avr5/crtatmega32.o
 .debug_info    0x000004e6      0x1ea HAL/BUZZER_INTERFACE.o
 .debug_info    0x000006d0     0x124b HAL/KEYPAD_INTERFACE.o
 .debug_info    0x0000191b      0x9be HAL/LCD_INTERFACE.o
 .debug_info    0x000022d9      0x427 main.o
 .debug_info    0x00002700      0x1d6 MCAL/GPIO/GPIO.o
 .debug_info    0x000028d6      0x4e7 MCAL/INTERNAL_EEPROM/INTERNAL_EEPROM.o

.debug_abbrev   0x00000000      0xb17
 *(.debug_abbrev)
 .debug_abbrev  0x00000000      0x4a3 C:/Program Files (x86)/Atmel/Studio/7.0/Packs/atmel/ATmega_DFP/1.2.209/gcc/dev/atmega32/avr5/crtatmega32.o
 .debug_abbrev  0x000004a3      0x118 HAL/BUZZER_INTERFACE.o
 .debug_abbrev  0x000005bb      0x1d0 HAL/KEYPAD_INTERFACE.o
 .debug_abbrev  0x0000078b      0x13d HAL/LCD_INTERFACE.o
 .debug_abbrev  0x000008c8       0xca main.o
 .debug_abbrev  0x00000992       0x90 MCAL/GPIO/GPIO.o
 .debug_abbrev  0x00000a22       0xf5 MCAL/INTERNAL_EEPROM/INTERNAL_EEPROM.o

.debug_line     0x00000000     0x14d4
 *(.debug_line .debug_line.* .debug_line_end)
 .debug_line    0x00000000      0x115 C:/Program Files (x86)/Atmel/Studio/7.0/Packs/atmel/ATmega_DFP/1.2.209/gcc/dev/atmega32/avr5/crtatmega32.o
 .debug_line    0x00000115      0x19c HAL/BUZZER_INTERFACE.o
 .debug_line    0x000002b1      0x89b HAL/KEYPAD_INTERFACE.o
 .debug_line    0x00000b4c      0x40b HAL/LCD_INTERFACE.o
 .debug_line    0x00000f57      0x180 main.o
 .debug_line    0x000010d7      0x11f MCAL/GPIO/GPIO.o
 .debug_line    0x000011f6      0x2de MCAL/INTERNAL_EEPROM/INTERNAL_EEPROM.o

.debug_frame    0x00000000      0x5d4
 *(.debug_frame)
 .debug_frame   0x00000000       0x4c HAL/BUZZER_INTERFACE.o
 .debug_frame   0x0000004c      0x318 HAL/KEYPAD_INTERFACE.o
 .debug_frame   0x00000364      0x134 HAL/LCD_INTERFACE.o
 .debug_frame   0x00000498       0x24 main.o
 .debug_frame   0x000004bc       0x64 MCAL/GPIO/GPIO.o
 .debug_frame   0x00000520       0xb4 MCAL/INTERNAL_EEPROM/INTERNAL_EEPROM.o

.debug_str      0x00000000      0x968
 *(.debug_str)
 .debug_str     0x00000000      0x196 C:/Program Files (x86)/Atmel/Studio/7.0/Packs/atmel/ATmega_DFP/1.2.209/gcc/dev/atmega32/avr5/crtatmega32.o
 .debug_str     0x00000196      0x1e8 HAL/BUZZER_INTERFACE.o
                                0x21c (size before relaxing)
 .debug_str     0x0000037e      0x2ef HAL/KEYPAD_INTERFACE.o
                                0x50f (size before relaxing)
 .debug_str     0x0000066d      0x100 HAL/LCD_INTERFACE.o
                                0x303 (size before relaxing)
 .debug_str     0x0000076d       0xa6 main.o
                                0x290 (size before relaxing)
 .debug_str     0x00000813       0x71 MCAL/GPIO/GPIO.o
                                0x218 (size before relaxing)
 .debug_str     0x00000884       0xe4 MCAL/INTERNAL_EEPROM/INTERNAL_EEPROM.o
                                0x2f9 (size before relaxing)

.debug_loc      0x00000000     0x19ec
 *(.debug_loc)
 .debug_loc     0x00000000       0xf3 HAL/BUZZER_INTERFACE.o
 .debug_loc     0x000000f3      0xb56 HAL/KEYPAD_INTERFACE.o
 .debug_loc     0x00000c49      0x789 HAL/LCD_INTERFACE.o
 .debug_loc     0x000013d2       0xb5 MCAL/GPIO/GPIO.o
 .debug_loc     0x00001487      0x565 MCAL/INTERNAL_EEPROM/INTERNAL_EEPROM.o

.debug_macinfo
 *(.debug_macinfo)

.debug_weaknames
 *(.debug_weaknames)

.debug_funcnames
 *(.debug_funcnames)

.debug_typenames
 *(.debug_typenames)

.debug_varnames
 *(.debug_varnames)

.debug_pubtypes
 *(.debug_pubtypes)

.debug_ranges   0x00000000      0x1e8
 *(.debug_ranges)
 .debug_ranges  0x00000000       0x20 HAL/BUZZER_INTERFACE.o
 .debug_ranges  0x00000020       0xe8 HAL/KEYPAD_INTERFACE.o
 .debug_ranges  0x00000108       0x68 HAL/LCD_INTERFACE.o
 .debug_ranges  0x00000170       0x10 main.o
 .debug_ranges  0x00000180       0x30 MCAL/GPIO/GPIO.o
 .debug_ranges  0x000001b0       0x38 MCAL/INTERNAL_EEPROM/INTERNAL_EEPROM.o

.debug_macro
 *(.debug_macro)
OUTPUT(AMIT_INTERFACING_PROJECT.elf elf32-avr)
LOAD linker stubs
